Archive member included to satisfy reference by file (symbol)

D:/ST/STM32CubeIDE_1.19.0/STM32CubeIDE/plugins/com.st.stm32cube.ide.mcu.externaltools.gnu-tools-for-stm32.13.3.rel1.win32_1.0.0.202411081344/tools/bin/../lib/gcc/arm-none-eabi/13.3.1/../../../../arm-none-eabi/lib/thumb/v6-m/nofp\libc_nano.a(libc_a-exit.o)
                              D:/ST/STM32CubeIDE_1.19.0/STM32CubeIDE/plugins/com.st.stm32cube.ide.mcu.externaltools.gnu-tools-for-stm32.13.3.rel1.win32_1.0.0.202411081344/tools/bin/../lib/gcc/arm-none-eabi/13.3.1/../../../../arm-none-eabi/lib/thumb/v6-m/nofp/crt0.o (exit)
D:/ST/STM32CubeIDE_1.19.0/STM32CubeIDE/plugins/com.st.stm32cube.ide.mcu.externaltools.gnu-tools-for-stm32.13.3.rel1.win32_1.0.0.202411081344/tools/bin/../lib/gcc/arm-none-eabi/13.3.1/../../../../arm-none-eabi/lib/thumb/v6-m/nofp\libc_nano.a(libc_a-findfp.o)
                              D:/ST/STM32CubeIDE_1.19.0/STM32CubeIDE/plugins/com.st.stm32cube.ide.mcu.externaltools.gnu-tools-for-stm32.13.3.rel1.win32_1.0.0.202411081344/tools/bin/../lib/gcc/arm-none-eabi/13.3.1/../../../../arm-none-eabi/lib/thumb/v6-m/nofp\libc_nano.a(libc_a-exit.o) (__stdio_exit_handler)
D:/ST/STM32CubeIDE_1.19.0/STM32CubeIDE/plugins/com.st.stm32cube.ide.mcu.externaltools.gnu-tools-for-stm32.13.3.rel1.win32_1.0.0.202411081344/tools/bin/../lib/gcc/arm-none-eabi/13.3.1/../../../../arm-none-eabi/lib/thumb/v6-m/nofp\libc_nano.a(libc_a-fwalk.o)
                              D:/ST/STM32CubeIDE_1.19.0/STM32CubeIDE/plugins/com.st.stm32cube.ide.mcu.externaltools.gnu-tools-for-stm32.13.3.rel1.win32_1.0.0.202411081344/tools/bin/../lib/gcc/arm-none-eabi/13.3.1/../../../../arm-none-eabi/lib/thumb/v6-m/nofp\libc_nano.a(libc_a-findfp.o) (_fwalk_sglue)
D:/ST/STM32CubeIDE_1.19.0/STM32CubeIDE/plugins/com.st.stm32cube.ide.mcu.externaltools.gnu-tools-for-stm32.13.3.rel1.win32_1.0.0.202411081344/tools/bin/../lib/gcc/arm-none-eabi/13.3.1/../../../../arm-none-eabi/lib/thumb/v6-m/nofp\libc_nano.a(libc_a-stdio.o)
                              D:/ST/STM32CubeIDE_1.19.0/STM32CubeIDE/plugins/com.st.stm32cube.ide.mcu.externaltools.gnu-tools-for-stm32.13.3.rel1.win32_1.0.0.202411081344/tools/bin/../lib/gcc/arm-none-eabi/13.3.1/../../../../arm-none-eabi/lib/thumb/v6-m/nofp\libc_nano.a(libc_a-findfp.o) (__sread)
D:/ST/STM32CubeIDE_1.19.0/STM32CubeIDE/plugins/com.st.stm32cube.ide.mcu.externaltools.gnu-tools-for-stm32.13.3.rel1.win32_1.0.0.202411081344/tools/bin/../lib/gcc/arm-none-eabi/13.3.1/../../../../arm-none-eabi/lib/thumb/v6-m/nofp\libc_nano.a(libc_a-vsnprintf.o)
                              ./Core/Src/terminal.o (vsnprintf)
D:/ST/STM32CubeIDE_1.19.0/STM32CubeIDE/plugins/com.st.stm32cube.ide.mcu.externaltools.gnu-tools-for-stm32.13.3.rel1.win32_1.0.0.202411081344/tools/bin/../lib/gcc/arm-none-eabi/13.3.1/../../../../arm-none-eabi/lib/thumb/v6-m/nofp\libc_nano.a(libc_a-memset.o)
                              D:/ST/STM32CubeIDE_1.19.0/STM32CubeIDE/plugins/com.st.stm32cube.ide.mcu.externaltools.gnu-tools-for-stm32.13.3.rel1.win32_1.0.0.202411081344/tools/bin/../lib/gcc/arm-none-eabi/13.3.1/../../../../arm-none-eabi/lib/thumb/v6-m/nofp/crt0.o (memset)
D:/ST/STM32CubeIDE_1.19.0/STM32CubeIDE/plugins/com.st.stm32cube.ide.mcu.externaltools.gnu-tools-for-stm32.13.3.rel1.win32_1.0.0.202411081344/tools/bin/../lib/gcc/arm-none-eabi/13.3.1/../../../../arm-none-eabi/lib/thumb/v6-m/nofp\libc_nano.a(libc_a-closer.o)
                              D:/ST/STM32CubeIDE_1.19.0/STM32CubeIDE/plugins/com.st.stm32cube.ide.mcu.externaltools.gnu-tools-for-stm32.13.3.rel1.win32_1.0.0.202411081344/tools/bin/../lib/gcc/arm-none-eabi/13.3.1/../../../../arm-none-eabi/lib/thumb/v6-m/nofp\libc_nano.a(libc_a-stdio.o) (_close_r)
D:/ST/STM32CubeIDE_1.19.0/STM32CubeIDE/plugins/com.st.stm32cube.ide.mcu.externaltools.gnu-tools-for-stm32.13.3.rel1.win32_1.0.0.202411081344/tools/bin/../lib/gcc/arm-none-eabi/13.3.1/../../../../arm-none-eabi/lib/thumb/v6-m/nofp\libc_nano.a(libc_a-reent.o)
                              D:/ST/STM32CubeIDE_1.19.0/STM32CubeIDE/plugins/com.st.stm32cube.ide.mcu.externaltools.gnu-tools-for-stm32.13.3.rel1.win32_1.0.0.202411081344/tools/bin/../lib/gcc/arm-none-eabi/13.3.1/../../../../arm-none-eabi/lib/thumb/v6-m/nofp\libc_nano.a(libc_a-closer.o) (errno)
D:/ST/STM32CubeIDE_1.19.0/STM32CubeIDE/plugins/com.st.stm32cube.ide.mcu.externaltools.gnu-tools-for-stm32.13.3.rel1.win32_1.0.0.202411081344/tools/bin/../lib/gcc/arm-none-eabi/13.3.1/../../../../arm-none-eabi/lib/thumb/v6-m/nofp\libc_nano.a(libc_a-impure.o)
                              D:/ST/STM32CubeIDE_1.19.0/STM32CubeIDE/plugins/com.st.stm32cube.ide.mcu.externaltools.gnu-tools-for-stm32.13.3.rel1.win32_1.0.0.202411081344/tools/bin/../lib/gcc/arm-none-eabi/13.3.1/../../../../arm-none-eabi/lib/thumb/v6-m/nofp\libc_nano.a(libc_a-vsnprintf.o) (_impure_ptr)
[...]
Memory Configuration

Name             Origin             Length             Attributes
RAM              0x20000000         0x00002000         xrw
FLASH            0x08000000         0x00007800         xr
*default*        0x00000000         0xffffffff

Linker script and memory map

LOAD D:/ST/STM32CubeIDE_1.19.0/STM32CubeIDE/plugins/com.st.stm32cube.ide.mcu.externaltools.gnu-tools-for-stm32.13.3.rel1.win32_1.0.0.202411081344/tools/bin/../lib/gcc/arm-none-eabi/13.3.1/thumb/v6-m/nofp/crti.o
LOAD D:/ST/STM32CubeIDE_1.19.0/STM32CubeIDE/plugins/com.st.stm32cube.ide.mcu.externaltools.gnu-tools-for-stm32.13.3.rel1.win32_1.0.0.202411081344/tools/bin/../lib/gcc/arm-none-eabi/13.3.1/thumb/v6-m/nofp/crtbegin.o
LOAD D:/ST/STM32CubeIDE_1.19.0/STM32CubeIDE/plugins/com.st.stm32cube.ide.mcu.externaltools.gnu-tools-for-stm32.13.3.rel1.win32_1.0.0.202411081344/tools/bin/../lib/gcc/arm-none-eabi/13.3.1/../../../../arm-none-eabi/lib/thumb/v6-m/nofp/crt0.o
LOAD ./Core/Src/app.o
LOAD ./Core/Src/display.o
LOAD ./Core/Src/i2c_slave.o
LOAD ./Core/Src/lighting_mode.o
LOAD ./Core/Src/main.o
LOAD ./Core/Src/nv_store.o
LOAD ./Core/Src/protocol.o
LOAD ./Core/Src/rgb.o
LOAD ./Core/Src/stm32g0xx_hal_msp.o
LOAD ./Core/Src/stm32g0xx_it.o
LOAD ./Core/Src/syscalls.o
LOAD ./Core/Src/sysmem.o
LOAD ./Core/Src/system_stm32g0xx.o
LOAD ./Core/Src/temp.o
LOAD ./Core/Src/terminal.o
LOAD ./Core/Startup/startup_stm32g031g6ux.o
LOAD ./Drivers/STM32G0xx_HAL_Driver/Src/stm32g0xx_hal.o
LOAD ./Drivers/STM32G0xx_HAL_Driver/Src/stm32g0xx_hal_adc.o
LOAD ./Drivers/STM32G0xx_HAL_Driver/Src/stm32g0xx_hal_adc_ex.o
LOAD ./Drivers/STM32G0xx_HAL_Driver/Src/stm32g0xx_hal_cortex.o
LOAD ./Drivers/STM32G0xx_HAL_Driver/Src/stm32g0xx_hal_dma.o
LOAD ./Drivers/STM32G0xx_HAL_Driver/Src/stm32g0xx_hal_dma_ex.o
LOAD ./Drivers/STM32G0xx_HAL_Driver/Src/stm32g0xx_hal_exti.o
LOAD ./Drivers/STM32G0xx_HAL_Driver/Src/stm32g0xx_hal_flash.o
LOAD ./Drivers/STM32G0xx_HAL_Driver/Src/stm32g0xx_hal_flash_ex.o
LOAD ./Drivers/STM32G0xx_HAL_Driver/Src/stm32g0xx_hal_gpio.o
LOAD ./Drivers/STM32G0xx_HAL_Driver/Src/stm32g0xx_hal_i2c.o
LOAD ./Drivers/STM32G0xx_HAL_Driver/Src/stm32g0xx_hal_i2c_ex.o
LOAD ./Drivers/STM32G0xx_HAL_Driver/Src/stm32g0xx_hal_pwr.o
LOAD ./Drivers/STM32G0xx_HAL_Driver/Src/stm32g0xx_hal_pwr_ex.o
LOAD ./Drivers/STM32G0xx_HAL_Driver/Src/stm32g0xx_hal_rcc.o
LOAD ./Drivers/STM32G0xx_HAL_Driver/Src/stm32g0xx_hal_rcc_ex.o
LOAD ./Drivers/STM32G0xx_HAL_Driver/Src/stm32g0xx_hal_tim.o
LOAD ./Drivers/STM32G0xx_HAL_Driver/Src/stm32g0xx_hal_tim_ex.o
LOAD ./Drivers/STM32G0xx_HAL_Driver/Src/stm32g0xx_hal_uart.o
LOAD ./Drivers/STM32G0xx_HAL_Driver/Src/stm32g0xx_hal_uart_ex.o
LOAD ./Drivers/STM32G0xx_HAL_Driver/Src/stm32g0xx_ll_adc.o
LOAD ./Drivers/STM32G0xx_HAL_Driver/Src/stm32g0xx_ll_rcc.o
START GROUP
LOAD D:/ST/STM32CubeIDE_1.19.0/STM32CubeIDE/plugins/com.st.stm32cube.ide.mcu.externaltools.gnu-tools-for-stm32.13.3.rel1.win32_1.0.0.202411081344/tools/bin/../lib/gcc/arm-none-eabi/13.3.1/../../../../arm-none-eabi/lib/thumb/v6-m/nofp\libc_nano.a
LOAD D:/ST/STM32CubeIDE_1.19.0/STM32CubeIDE/plugins/com.st.stm32cube.ide.mcu.externaltools.gnu-tools-for-stm32.13.3.rel1.win32_1.0.0.202411081344/tools/bin/../lib/gcc/arm-none-eabi/13.3.1/../../../../arm-none-eabi/lib/thumb/v6-m/nofp\libm.a
END GROUP
START GROUP
LOAD D:/ST/STM32CubeIDE_1.19.0/STM32CubeIDE/plugins/com.st.stm32cube.ide.mcu.externaltools.gnu-tools-for-stm32.13.3.rel1.win32_1.0.0.202411081344/tools/bin/../lib/gcc/arm-none-eabi/13.3.1/thumb/v6-m/nofp\libgcc.a
LOAD D:/ST/STM32CubeIDE_1.19.0/STM32CubeIDE/plugins/com.st.stm32cube.ide.mcu.externaltools.gnu-tools-for-stm32.13.3.rel1.win32_1.0.0.202411081344/tools/bin/../lib/gcc/arm-none-eabi/13.3.1/../../../../arm-none-eabi/lib/thumb/v6-m/nofp\libc_nano.a
END GROUP
START GROUP
LOAD D:/ST/STM32CubeIDE_1.19.0/STM32CubeIDE/plugins/com.st.stm32cube.ide.mcu.externaltools.gnu-tools-for-stm32.13.3.rel1.win32_1.0.0.202411081344/tools/bin/../lib/gcc/arm-none-eabi/13.3.1/thumb/v6-m/nofp\libgcc.a
LOAD D:/ST/STM32CubeIDE_1.19.0/STM32CubeIDE/plugins/com.st.stm32cube.ide.mcu.externaltools.gnu-tools-for-stm32.13.3.rel1.win32_1.0.0.202411081344/tools/bin/../lib/gcc/arm-none-eabi/13.3.1/../../../../arm-none-eabi/lib/thumb/v6-m/nofp\libc_nano.a
LOAD D:/ST/STM32CubeIDE_1.19.0/STM32CubeIDE/plugins/com.st.stm32cube.ide.mcu.externaltools.gnu-tools-for-stm32.13.3.rel1.win32_1.0.0.202411081344/tools/bin/../lib/gcc/arm-none-eabi/13.3.1/../../../../arm-none-eabi/lib/thumb/v6-m/nofp\libnosys.a
END GROUP
START GROUP
LOAD D:/ST/STM32CubeIDE_1.19.0/STM32CubeIDE/plugins/com.st.stm32cube.ide.mcu.externaltools.gnu-tools-for-stm32.13.3.rel1.win32_1.0.0.202411081344/tools/bin/../lib/gcc/arm-none-eabi/13.3.1/thumb/v6-m/nofp\libgcc.a
LOAD D:/ST/STM32CubeIDE_1.19.0/STM32CubeIDE/plugins/com.st.stm32cube.ide.mcu.externaltools.gnu-tools-for-stm32.13.3.rel1.win32_1.0.0.202411081344/tools/bin/../lib/gcc/arm-none-eabi/13.3.1/../../../../arm-none-eabi/lib/thumb/v6-m/nofp\libc_nano.a
LOAD D:/ST/STM32CubeIDE_1.19.0/STM32CubeIDE/plugins/com.st.stm32cube.ide.mcu.externaltools.gnu-tools-for-stm32.13.3.rel1.win32_1.0.0.202411081344/tools/bin/../lib/gcc/arm-none-eabi/13.3.1/../../../../arm-none-eabi/lib/thumb/v6-m/nofp\libnosys.a
END GROUP
LOAD D:/ST/STM32CubeIDE_1.19.0/STM32CubeIDE/plugins/com.st.stm32cube.ide.mcu.externaltools.gnu-tools-for-stm32.13.3.rel1.win32_1.0.0.202411081344/tools/bin/../lib/gcc/arm-none-eabi/13.3.1/thumb/v6-m/nofp/crtend.o
LOAD D:/ST/STM32CubeIDE_1.19.0/STM32CubeIDE/plugins/com.st.stm32cube.ide.mcu.externaltools.gnu-tools-for-stm32.13.3.rel1.win32_1.0.0.202411081344/tools/bin/../lib/gcc/arm-none-eabi/13.3.1/thumb/v6-m/nofp/crtn.o
                0x20002000                        _estack = (ORIGIN (RAM) + LENGTH (RAM))
                0x00000200                        _Min_Heap_Size = 0x200
                0x00000400                        _Min_Stack_Size = 0x400

.isr_vector     0x08000000       0xbc
                0x08000000                        . = ALIGN (0x4)
 *(.isr_vector)
 .isr_vector    0x08000000       0xbc ./Core/Startup/startup_stm32g031g6ux.o
                0x08000000                g_pfnVectors
                0x080000bc                        . = ALIGN (0x4)

.text           0x080000c0     0x6188
                0x080000c0                        . = ALIGN (0x4)
 *(.text)
 .text          0x080000c0       0x48 D:/ST/STM32CubeIDE_1.19.0/STM32CubeIDE/plugins/com.st.stm32cube.ide.mcu.externaltools.gnu-tools-for-stm32.13.3.rel1.win32_1.0.0.202411081344/tools/bin/../lib/gcc/arm-none-eabi/13.3.1/thumb/v6-m/nofp/crtbegin.o
 .text          0x08000108        0xe D:/ST/STM32CubeIDE_1.19.0/STM32CubeIDE/plugins/com.st.stm32cube.ide.mcu.externaltools.gnu-tools-for-stm32.13.3.rel1.win32_1.0.0.202411081344/tools/bin/../lib/gcc/arm-none-eabi/13.3.1/../../../../arm-none-eabi/lib/thumb/v6-m/nofp\libc_nano.a(libc_a-strlen.o)
                0x08000108                strlen
 *fill*         0x08000116        0x2 
 .text          0x08000118       0x14 D:/ST/STM32CubeIDE_1.19.0/STM32CubeIDE/plugins/com.st.stm32cube.ide.mcu.externaltools.gnu-tools-for-stm32.13.3.rel1.win32_1.0.0.202411081344/tools/bin/../lib/gcc/arm-none-eabi/13.3.1/thumb/v6-m/nofp\libgcc.a(_thumb1_case_uqi.o)
                0x08000118                __gnu_thumb1_case_uqi
 .text          0x0800012c      0x114 D:/ST/STM32CubeIDE_1.19.0/STM32CubeIDE/plugins/com.st.stm32cube.ide.mcu.externaltools.gnu-tools-for-stm32.13.3.rel1.win32_1.0.0.202411081344/tools/bin/../lib/gcc/arm-none-eabi/13.3.1/thumb/v6-m/nofp\libgcc.a(_udivsi3.o)
                0x0800012c                __aeabi_uidiv
                0x0800012c                __udivsi3
                0x08000238                __aeabi_uidivmod
 .text          0x08000240      0x1d4 D:/ST/STM32CubeIDE_1.19.0/STM32CubeIDE/plugins/com.st.stm32cube.ide.mcu.externaltools.gnu-tools-for-stm32.13.3.rel1.win32_1.0.0.202411081344/tools/bin/../lib/gcc/arm-none-eabi/13.3.1/thumb/v6-m/nofp\libgcc.a(_divsi3.o)
                0x08000240                __divsi3
                0x08000240                __aeabi_idiv
                0x0800040c                __aeabi_idivmod
 .text          0x08000414        0x4 D:/ST/STM32CubeIDE_1.19.0/STM32CubeIDE/plugins/com.st.stm32cube.ide.mcu.externaltools.gnu-tools-for-stm32.13.3.rel1.win32_1.0.0.202411081344/tools/bin/../lib/gcc/arm-none-eabi/13.3.1/thumb/v6-m/nofp\libgcc.a(_dvmd_tls.o)
                0x08000414                __aeabi_idiv0
                0x08000414                __aeabi_ldiv0
 .text          0x08000418       0x74 D:/ST/STM32CubeIDE_1.19.0/STM32CubeIDE/plugins/com.st.stm32cube.ide.mcu.externaltools.gnu-tools-for-stm32.13.3.rel1.win32_1.0.0.202411081344/tools/bin/../lib/gcc/arm-none-eabi/13.3.1/thumb/v6-m/nofp\libgcc.a(_arm_cmpsf2.o)
                0x08000418                __aeabi_cfrcmple
                0x08000420                __aeabi_cfcmpeq
                0x08000420                __aeabi_cfcmple
                0x08000430                __aeabi_fcmpeq
                0x0800043c                __aeabi_fcmplt
                0x08000450                __aeabi_fcmple
                0x08000464                __aeabi_fcmpgt
                0x08000478                __aeabi_fcmpge
 .text          0x0800048c       0x40 D:/ST/STM32CubeIDE_1.19.0/STM32CubeIDE/plugins/com.st.stm32cube.ide.mcu.externaltools.gnu-tools-for-stm32.13.3.rel1.win32_1.0.0.202411081344/tools/bin/../lib/gcc/arm-none-eabi/13.3.1/thumb/v6-m/nofp\libgcc.a(_aeabi_uldivmod.o)
                0x0800048c                __aeabi_uldivmod
 .text          0x080004cc      0x198 D:/ST/STM32CubeIDE_1.19.0/STM32CubeIDE/plugins/com.st.stm32cube.ide.mcu.externaltools.gnu-tools-for-stm32.13.3.rel1.win32_1.0.0.202411081344/tools/bin/../lib/gcc/arm-none-eabi/13.3.1/thumb/v6-m/nofp\libgcc.a(_udivmoddi4.o)
                0x080004cc                __udivmoddi4
 .text          0x08000664      0x3e4 D:/ST/STM32CubeIDE_1.19.0/STM32CubeIDE/plugins/com.st.stm32cube.ide.mcu.externaltools.gnu-tools-for-stm32.13.3.rel1.win32_1.0.0.202411081344/tools/bin/../lib/gcc/arm-none-eabi/13.3.1/thumb/v6-m/nofp\libgcc.a(addsf3.o)
                0x08000664                __aeabi_fadd
 .text          0x08000a48      0x22c D:/ST/STM32CubeIDE_1.19.0/STM32CubeIDE/plugins/com.st.stm32cube.ide.mcu.externaltools.gnu-tools-for-stm32.13.3.rel1.win32_1.0.0.202411081344/tools/bin/../lib/gcc/arm-none-eabi/13.3.1/thumb/v6-m/nofp\libgcc.a(divsf3.o)
                0x08000a48                __aeabi_fdiv
 .text          0x08000c74       0x50 D:/ST/STM32CubeIDE_1.19.0/STM32CubeIDE/plugins/com.st.stm32cube.ide.mcu.externaltools.gnu-tools-for-stm32.13.3.rel1.win32_1.0.0.202411081344/tools/bin/../lib/gcc/arm-none-eabi/13.3.1/thumb/v6-m/nofp\libgcc.a(eqsf2.o)
                0x08000c74                __eqsf2
                0x08000c74                __nesf2
 .text          0x08000cc4       0x90 D:/ST/STM32CubeIDE_1.19.0/STM32CubeIDE/plugins/com.st.stm32cube.ide.mcu.externaltools.gnu-tools-for-stm32.13.3.rel1.win32_1.0.0.202411081344/tools/bin/../lib/gcc/arm-none-eabi/13.3.1/thumb/v6-m/nofp\libgcc.a(gesf2.o)
                0x08000cc4                __gesf2
                0x08000cc4                __gtsf2
 .text          0x08000d54       0x90 D:/ST/STM32CubeIDE_1.19.0/STM32CubeIDE/plugins/com.st.stm32cube.ide.mcu.externaltools.gnu-tools-for-stm32.13.3.rel1.win32_1.0.0.202411081344/tools/bin/../lib/gcc/arm-none-eabi/13.3.1/thumb/v6-m/nofp\libgcc.a(lesf2.o)
                0x08000d54                __ltsf2
                0x08000d54                __lesf2
 .text          0x08000de4      0x2b4 D:/ST/STM32CubeIDE_1.19.0/STM32CubeIDE/plugins/com.st.stm32cube.ide.mcu.externaltools.gnu-tools-for-stm32.13.3.rel1.win32_1.0.0.202411081344/tools/bin/../lib/gcc/arm-none-eabi/13.3.1/thumb/v6-m/nofp\libgcc.a(mulsf3.o)
                0x08000de4                __aeabi_fmul
 .text          0x08001098      0x4c8 D:/ST/STM32CubeIDE_1.19.0/STM32CubeIDE/plugins/com.st.stm32cube.ide.mcu.externaltools.gnu-tools-for-stm32.13.3.rel1.win32_1.0.0.202411081344/tools/bin/../lib/gcc/arm-none-eabi/13.3.1/thumb/v6-m/nofp\libgcc.a(subsf3.o)
                0x08001098                __aeabi_fsub
 .text          0x08001560       0x2c D:/ST/STM32CubeIDE_1.19.0/STM32CubeIDE/plugins/com.st.stm32cube.ide.mcu.externaltools.gnu-tools-for-stm32.13.3.rel1.win32_1.0.0.202411081344/tools/bin/../lib/gcc/arm-none-eabi/13.3.1/thumb/v6-m/nofp\libgcc.a(unordsf2.o)
                0x08001560                __aeabi_fcmpun
 .text          0x0800158c       0x40 D:/ST/STM32CubeIDE_1.19.0/STM32CubeIDE/plugins/com.st.stm32cube.ide.mcu.externaltools.gnu-tools-for-stm32.13.3.rel1.win32_1.0.0.202411081344/tools/bin/../lib/gcc/arm-none-eabi/13.3.1/thumb/v6-m/nofp\libgcc.a(fixsfsi.o)
                0x0800158c                __aeabi_f2iz
 .text          0x080015cc       0xa0 D:/ST/STM32CubeIDE_1.19.0/STM32CubeIDE/plugins/com.st.stm32cube.ide.mcu.externaltools.gnu-tools-for-stm32.13.3.rel1.win32_1.0.0.202411081344/tools/bin/../lib/gcc/arm-none-eabi/13.3.1/thumb/v6-m/nofp\libgcc.a(floatsisf.o)
                0x080015cc                __aeabi_i2f
 .text          0x0800166c       0x8c D:/ST/STM32CubeIDE_1.19.0/STM32CubeIDE/plugins/com.st.stm32cube.ide.mcu.externaltools.gnu-tools-for-stm32.13.3.rel1.win32_1.0.0.202411081344/tools/bin/../lib/gcc/arm-none-eabi/13.3.1/thumb/v6-m/nofp\libgcc.a(floatunsisf.o)
                0x0800166c                __aeabi_ui2f
 .text          0x080016f8       0x3c D:/ST/STM32CubeIDE_1.19.0/STM32CubeIDE/plugins/com.st.stm32cube.ide.mcu.externaltools.gnu-tools-for-stm32.13.3.rel1.win32_1.0.0.202411081344/tools/bin/../lib/gcc/arm-none-eabi/13.3.1/thumb/v6-m/nofp\libgcc.a(_clzsi2.o)
                0x080016f8                __clzsi2
 .text          0x08001734       0x18 D:/ST/STM32CubeIDE_1.19.0/STM32CubeIDE/plugins/com.st.stm32cube.ide.mcu.externaltools.gnu-tools-for-stm32.13.3.rel1.win32_1.0.0.202411081344/tools/bin/../lib/gcc/arm-none-eabi/13.3.1/thumb/v6-m/nofp\libgcc.a(_clzdi2.o)
                0x08001734                __clzdi2
 *(.text*)
 .text.app_request_persist
                0x0800174c       0x3c ./Core/Src/app.o
 .text.app_get_locker_id
                0x08001788        0x4 ./Core/Src/app.o
                0x08001788                app_get_locker_id
 .text.app_get_price
                0x0800178c        0xc ./Core/Src/app.o
                0x0800178c                app_get_price
 .text.app_set_price
                0x08001798       0x20 ./Core/Src/app.o
                0x08001798                app_set_price
 .text.app_set_rgb
                0x080017b8       0x4c ./Core/Src/app.o
                0x080017b8                app_set_rgb
 .text.app_set_light_mode
                0x08001804       0x20 ./Core/Src/app.o
                0x08001804                app_set_light_mode
 .text.app_init
                0x08001824       0xa4 ./Core/Src/app.o
                0x08001824                app_init
 .text.app_loop
                0x080018c8       0x2c ./Core/Src/app.o
                0x080018c8                app_loop
 .text.delay_us
                0x080018f4       0x30 ./Core/Src/display.o
 .text.clear_digits
                0x08001924       0x20 ./Core/Src/display.o
 .text.clear_segments
                0x08001944       0x30 ./Core/Src/display.o
 .text.display_init
                0x08001974       0x20 ./Core/Src/display.o
                0x08001974                display_init
 .text.display_set_number
                0x08001994       0x18 ./Core/Src/display.o
                0x08001994                display_set_number
 .text.display_task
                0x080019ac      0x168 ./Core/Src/display.o
                0x080019ac                display_task
 .text.arm_rx   0x08001b14       0x30 ./Core/Src/i2c_slave.o
 .text.i2c_slave_init
                0x08001b44       0x30 ./Core/Src/i2c_slave.o
                0x08001b44                i2c_slave_init
 .text.i2c_slave_send_reply
                0x08001b74       0x8c ./Core/Src/i2c_slave.o
                0x08001b74                i2c_slave_send_reply
 .text.send_reply_frame
                0x08001c00       0x1c ./Core/Src/i2c_slave.o
 .text.HAL_I2C_SlaveRxCpltCallback
                0x08001c1c       0xb0 ./Core/Src/i2c_slave.o
                0x08001c1c                HAL_I2C_SlaveRxCpltCallback
 .text.HAL_I2C_SlaveTxCpltCallback
                0x08001ccc       0x40 ./Core/Src/i2c_slave.o
                0x08001ccc                HAL_I2C_SlaveTxCpltCallback
 .text.HAL_I2C_ErrorCallback
                0x08001d0c       0x44 ./Core/Src/i2c_slave.o
                0x08001d0c                HAL_I2C_ErrorCallback
 .text.apply_base_color
                0x08001d50       0x28 ./Core/Src/lighting_mode.o
 .text.stop_show_and_restore
                0x08001d78       0x18 ./Core/Src/lighting_mode.o
 .text.locker_palette_color
                0x08001d90       0x9c ./Core/Src/lighting_mode.o
 .text.shift_color
                0x08001e2c       0x50 ./Core/Src/lighting_mode.o
 .text.lighting_mode_init
                0x08001e7c       0x14 ./Core/Src/lighting_mode.o
                0x08001e7c                lighting_mode_init
 .text.lighting_mode_set_base_color
                0x08001e90       0x2c ./Core/Src/lighting_mode.o
                0x08001e90                lighting_mode_set_base_color
 .text.lighting_mode_set
                0x08001ebc       0x4c ./Core/Src/lighting_mode.o
                0x08001ebc                lighting_mode_set
 .text.run_light_show
                0x08001f08        0x8 ./Core/Src/lighting_mode.o
                0x08001f08                run_light_show
 .text.lighting_mode_task
                0x08001f10      0x25c ./Core/Src/lighting_mode.o
                0x08001f10                lighting_mode_task
 .text.SystemClock_Config
                0x0800216c       0x5c ./Core/Src/main.o
                0x0800216c                SystemClock_Config
 .text.startup.main
                0x080021c8      0x348 ./Core/Src/main.o
                0x080021c8                main
 .text.HAL_TIM_PeriodElapsedCallback
                0x08002510        0x8 ./Core/Src/main.o
                0x08002510                HAL_TIM_PeriodElapsedCallback
 .text.Error_Handler
                0x08002518        0x4 ./Core/Src/main.o
                0x08002518                Error_Handler
 .text.crc16_ccitt.constprop.0
                0x0800251c       0x3c ./Core/Src/nv_store.o
 .text.nv_store_init
                0x08002558       0x14 ./Core/Src/nv_store.o
                0x08002558                nv_store_init
 .text.nv_store_load
                0x0800256c       0x94 ./Core/Src/nv_store.o
                0x0800256c                nv_store_load
 .text.nv_store_request_save
                0x08002600       0x2c ./Core/Src/nv_store.o
                0x08002600                nv_store_request_save
 .text.nv_store_task
                0x0800262c      0x13c ./Core/Src/nv_store.o
                0x0800262c                nv_store_task
 .text.rgb_init
                0x08002768       0x44 ./Core/Src/rgb.o
                0x08002768                rgb_init
 .text.rgb_set  0x080027ac       0x18 ./Core/Src/rgb.o
                0x080027ac                rgb_set
 .text.rgb_tim_period_elapsed_callback
                0x080027c4       0x6c ./Core/Src/rgb.o
                0x080027c4                rgb_tim_period_elapsed_callback
 .text.HAL_MspInit
                0x08002830       0x30 ./Core/Src/stm32g0xx_hal_msp.o
                0x08002830                HAL_MspInit
 .text.HAL_ADC_MspInit
                0x08002860       0x5c ./Core/Src/stm32g0xx_hal_msp.o
                0x08002860                HAL_ADC_MspInit
 .text.HAL_I2C_MspInit
                0x080028bc       0x98 ./Core/Src/stm32g0xx_hal_msp.o
                0x080028bc                HAL_I2C_MspInit
 .text.HAL_TIM_Base_MspInit
                0x08002954       0x7c ./Core/Src/stm32g0xx_hal_msp.o
                0x08002954                HAL_TIM_Base_MspInit
 .text.HAL_TIM_MspPostInit
                0x080029d0       0x74 ./Core/Src/stm32g0xx_hal_msp.o
                0x080029d0                HAL_TIM_MspPostInit
 .text.HAL_UART_MspInit
                0x08002a44       0x5c ./Core/Src/stm32g0xx_hal_msp.o
                0x08002a44                HAL_UART_MspInit
 .text.NMI_Handler
                0x08002aa0        0x2 ./Core/Src/stm32g0xx_it.o
                0x08002aa0                NMI_Handler
 .text.HardFault_Handler
                0x08002aa2        0x2 ./Core/Src/stm32g0xx_it.o
                0x08002aa2                HardFault_Handler
 .text.SVC_Handler
                0x08002aa4        0x2 ./Core/Src/stm32g0xx_it.o
                0x08002aa4                SVC_Handler
 .text.PendSV_Handler
                0x08002aa6        0x2 ./Core/Src/stm32g0xx_it.o
                0x08002aa6                PendSV_Handler
 .text.SysTick_Handler
                0x08002aa8        0x8 ./Core/Src/stm32g0xx_it.o
                0x08002aa8                SysTick_Handler
 .text.TIM14_IRQHandler
                0x08002ab0       0x10 ./Core/Src/stm32g0xx_it.o
                0x08002ab0                TIM14_IRQHandler
 .text.I2C1_IRQHandler
                0x08002ac0       0x20 ./Core/Src/stm32g0xx_it.o
                0x08002ac0                I2C1_IRQHandler
 .text.SystemInit
                0x08002ae0        0x2 ./Core/Src/system_stm32g0xx.o
                0x08002ae0                SystemInit
 *fill*         0x08002ae2        0x2 
 .text.temp_read_c
                0x08002ae4       0xa4 ./Core/Src/temp.o
                0x08002ae4                temp_read_c
 .text.terminal_print.part.0
                0x08002b88       0x1c ./Core/Src/terminal.o
 .text.terminal_init
                0x08002ba4        0x2 ./Core/Src/terminal.o
                0x08002ba4                terminal_init
 .text.terminal_print
                0x08002ba6        0xc ./Core/Src/terminal.o
                0x08002ba6                terminal_print
 *fill*         0x08002bb2        0x2 
 .text.terminal_println
                0x08002bb4       0x14 ./Core/Src/terminal.o
                0x08002bb4                terminal_println
 .text.Reset_Handler
                0x08002bc8       0x50 ./Core/Startup/startup_stm32g031g6ux.o
                0x08002bc8                Reset_Handler
 .text.Default_Handler
                0x08002c18        0x2 ./Core/Startup/startup_stm32g031g6ux.o
                0x08002c18                TIM1_CC_IRQHandler
                0x08002c18                PVD_IRQHandler
                0x08002c18                LPTIM2_IRQHandler
                0x08002c18                RTC_TAMP_IRQHandler
                0x08002c18                SPI1_IRQHandler
                0x08002c18                DMA1_Ch4_5_DMAMUX1_OVR_IRQHandler
                0x08002c18                EXTI2_3_IRQHandler
                0x08002c18                ADC1_IRQHandler
                0x08002c18                I2C2_IRQHandler
                0x08002c18                TIM17_IRQHandler
                0x08002c18                TIM16_IRQHandler
                0x08002c18                TIM3_IRQHandler
                0x08002c18                EXTI4_15_IRQHandler
                0x08002c18                RCC_IRQHandler
                0x08002c18                DMA1_Channel1_IRQHandler
                0x08002c18                Default_Handler
                0x08002c18                EXTI0_1_IRQHandler
                0x08002c18                SPI2_IRQHandler
                0x08002c18                WWDG_IRQHandler
                0x08002c18                LPUART1_IRQHandler
                0x08002c18                TIM2_IRQHandler
                0x08002c18                DMA1_Channel2_3_IRQHandler
                0x08002c18                USART2_IRQHandler
                0x08002c18                FLASH_IRQHandler
                0x08002c18                USART1_IRQHandler
                0x08002c18                TIM1_BRK_UP_TRG_COM_IRQHandler
                0x08002c18                LPTIM1_IRQHandler
 *fill*         0x08002c1a        0x2 
 .text.HAL_InitTick
                0x08002c1c       0x50 ./Drivers/STM32G0xx_HAL_Driver/Src/stm32g0xx_hal.o
                0x08002c1c                HAL_InitTick
 .text.HAL_Init
                0x08002c6c       0x28 ./Drivers/STM32G0xx_HAL_Driver/Src/stm32g0xx_hal.o
                0x08002c6c                HAL_Init
 .text.HAL_IncTick
                0x08002c94       0x18 ./Drivers/STM32G0xx_HAL_Driver/Src/stm32g0xx_hal.o
                0x08002c94                HAL_IncTick
 .text.HAL_GetTick
                0x08002cac        0xc ./Drivers/STM32G0xx_HAL_Driver/Src/stm32g0xx_hal.o
                0x08002cac                HAL_GetTick
 .text.LL_ADC_REG_IsConversionOngoing
                0x08002cb8        0x8 ./Drivers/STM32G0xx_HAL_Driver/Src/stm32g0xx_hal_adc.o
 .text.HAL_ADC_Init
                0x08002cc0      0x220 ./Drivers/STM32G0xx_HAL_Driver/Src/stm32g0xx_hal_adc.o
                0x08002cc0                HAL_ADC_Init
 .text.HAL_ADC_PollForConversion
                0x08002ee0       0xc8 ./Drivers/STM32G0xx_HAL_Driver/Src/stm32g0xx_hal_adc.o
                0x08002ee0                HAL_ADC_PollForConversion
 .text.HAL_ADC_GetValue
                0x08002fa8        0x6 ./Drivers/STM32G0xx_HAL_Driver/Src/stm32g0xx_hal_adc.o
                0x08002fa8                HAL_ADC_GetValue
 *fill*         0x08002fae        0x2 
 .text.HAL_ADC_ConfigChannel
                0x08002fb0      0x248 ./Drivers/STM32G0xx_HAL_Driver/Src/stm32g0xx_hal_adc.o
                0x08002fb0                HAL_ADC_ConfigChannel
 .text.ADC_ConversionStop
                0x080031f8       0x60 ./Drivers/STM32G0xx_HAL_Driver/Src/stm32g0xx_hal_adc.o
                0x080031f8                ADC_ConversionStop
 .text.ADC_Enable
                0x08003258       0xb8 ./Drivers/STM32G0xx_HAL_Driver/Src/stm32g0xx_hal_adc.o
                0x08003258                ADC_Enable
 .text.HAL_ADC_Start
                0x08003310       0x5c ./Drivers/STM32G0xx_HAL_Driver/Src/stm32g0xx_hal_adc.o
                0x08003310                HAL_ADC_Start
 .text.ADC_Disable
                0x0800336c       0x78 ./Drivers/STM32G0xx_HAL_Driver/Src/stm32g0xx_hal_adc.o
                0x0800336c                ADC_Disable
 .text.HAL_ADC_Stop
                0x080033e4       0x3c ./Drivers/STM32G0xx_HAL_Driver/Src/stm32g0xx_hal_adc.o
                0x080033e4                HAL_ADC_Stop
 .text.HAL_NVIC_SetPriority
                0x08003420       0x54 ./Drivers/STM32G0xx_HAL_Driver/Src/stm32g0xx_hal_cortex.o
                0x08003420                HAL_NVIC_SetPriority
 .text.HAL_NVIC_EnableIRQ
                0x08003474       0x18 ./Drivers/STM32G0xx_HAL_Driver/Src/stm32g0xx_hal_cortex.o
                0x08003474                HAL_NVIC_EnableIRQ
 .text.HAL_SYSTICK_Config
                0x0800348c       0x34 ./Drivers/STM32G0xx_HAL_Driver/Src/stm32g0xx_hal_cortex.o
                0x0800348c                HAL_SYSTICK_Config
 .text.HAL_DMA_Abort_IT
                0x080034c0       0x74 ./Drivers/STM32G0xx_HAL_Driver/Src/stm32g0xx_hal_dma.o
                0x080034c0                HAL_DMA_Abort_IT
 .text.HAL_DMA_GetState
                0x08003534        0x8 ./Drivers/STM32G0xx_HAL_Driver/Src/stm32g0xx_hal_dma.o
                0x08003534                HAL_DMA_GetState
 .text.HAL_FLASH_Unlock
                0x0800353c       0x24 ./Drivers/STM32G0xx_HAL_Driver/Src/stm32g0xx_hal_flash.o
                0x0800353c                HAL_FLASH_Unlock
 .text.FLASH_WaitForLastOperation
                0x08003560       0x70 ./Drivers/STM32G0xx_HAL_Driver/Src/stm32g0xx_hal_flash.o
                0x08003560                FLASH_WaitForLastOperation
 .text.HAL_FLASH_Program
                0x080035d0       0x68 ./Drivers/STM32G0xx_HAL_Driver/Src/stm32g0xx_hal_flash.o
                0x080035d0                HAL_FLASH_Program
 .text.HAL_FLASH_Lock
                0x08003638       0x24 ./Drivers/STM32G0xx_HAL_Driver/Src/stm32g0xx_hal_flash.o
                0x08003638                HAL_FLASH_Lock
 .text.FLASH_PageErase
                0x0800365c       0x20 ./Drivers/STM32G0xx_HAL_Driver/Src/stm32g0xx_hal_flash_ex.o
                0x0800365c                FLASH_PageErase
 .text.HAL_FLASHEx_Erase
                0x0800367c       0x94 ./Drivers/STM32G0xx_HAL_Driver/Src/stm32g0xx_hal_flash_ex.o
                0x0800367c                HAL_FLASHEx_Erase
 .text.HAL_GPIO_Init
                0x08003710      0x164 ./Drivers/STM32G0xx_HAL_Driver/Src/stm32g0xx_hal_gpio.o
                0x08003710                HAL_GPIO_Init
 .text.HAL_GPIO_WritePin
                0x08003874        0xc ./Drivers/STM32G0xx_HAL_Driver/Src/stm32g0xx_hal_gpio.o
                0x08003874                HAL_GPIO_WritePin
 .text.I2C_Flush_TXDR
                0x08003880       0x1c ./Drivers/STM32G0xx_HAL_Driver/Src/stm32g0xx_hal_i2c.o
 .text.I2C_TransferConfig
                0x0800389c       0x2c ./Drivers/STM32G0xx_HAL_Driver/Src/stm32g0xx_hal_i2c.o
 .text.I2C_Enable_IRQ
                0x080038c8       0x80 ./Drivers/STM32G0xx_HAL_Driver/Src/stm32g0xx_hal_i2c.o
 .text.I2C_Disable_IRQ
                0x08003948       0x48 ./Drivers/STM32G0xx_HAL_Driver/Src/stm32g0xx_hal_i2c.o
 .text.HAL_I2C_Init
                0x08003990       0xbc ./Drivers/STM32G0xx_HAL_Driver/Src/stm32g0xx_hal_i2c.o
                0x08003990                HAL_I2C_Init
 .text.HAL_I2C_Slave_Transmit_IT
                0x08003a4c       0x88 ./Drivers/STM32G0xx_HAL_Driver/Src/stm32g0xx_hal_i2c.o
                0x08003a4c                HAL_I2C_Slave_Transmit_IT
 .text.HAL_I2C_Slave_Receive_IT
                0x08003ad4       0x5c ./Drivers/STM32G0xx_HAL_Driver/Src/stm32g0xx_hal_i2c.o
                0x08003ad4                HAL_I2C_Slave_Receive_IT
 .text.HAL_I2C_EV_IRQHandler
                0x08003b30       0x12 ./Drivers/STM32G0xx_HAL_Driver/Src/stm32g0xx_hal_i2c.o
                0x08003b30                HAL_I2C_EV_IRQHandler
 .text.HAL_I2C_MasterTxCpltCallback
                0x08003b42        0x2 ./Drivers/STM32G0xx_HAL_Driver/Src/stm32g0xx_hal_i2c.o
                0x08003b42                HAL_I2C_MasterTxCpltCallback
 .text.HAL_I2C_MasterRxCpltCallback
                0x08003b44        0x2 ./Drivers/STM32G0xx_HAL_Driver/Src/stm32g0xx_hal_i2c.o
                0x08003b44                HAL_I2C_MasterRxCpltCallback
 .text.I2C_ITMasterSeqCplt
                0x08003b46       0x48 ./Drivers/STM32G0xx_HAL_Driver/Src/stm32g0xx_hal_i2c.o
 *fill*         0x08003b8e        0x2 
 .text.I2C_ITSlaveSeqCplt
                0x08003b90       0x80 ./Drivers/STM32G0xx_HAL_Driver/Src/stm32g0xx_hal_i2c.o
 .text.HAL_I2C_AddrCallback
                0x08003c10        0x2 ./Drivers/STM32G0xx_HAL_Driver/Src/stm32g0xx_hal_i2c.o
                0x08003c10                HAL_I2C_AddrCallback
 .text.I2C_ITAddrCplt.constprop.0
                0x08003c12       0x9a ./Drivers/STM32G0xx_HAL_Driver/Src/stm32g0xx_hal_i2c.o
 .text.HAL_I2C_ListenCpltCallback
                0x08003cac        0x2 ./Drivers/STM32G0xx_HAL_Driver/Src/stm32g0xx_hal_i2c.o
                0x08003cac                HAL_I2C_ListenCpltCallback
 *fill*         0x08003cae        0x2 
 .text.I2C_ITListenCplt
                0x08003cb0       0x6c ./Drivers/STM32G0xx_HAL_Driver/Src/stm32g0xx_hal_i2c.o
 .text.HAL_I2C_MemTxCpltCallback
                0x08003d1c        0x2 ./Drivers/STM32G0xx_HAL_Driver/Src/stm32g0xx_hal_i2c.o
                0x08003d1c                HAL_I2C_MemTxCpltCallback
 .text.HAL_I2C_MemRxCpltCallback
                0x08003d1e        0x2 ./Drivers/STM32G0xx_HAL_Driver/Src/stm32g0xx_hal_i2c.o
                0x08003d1e                HAL_I2C_MemRxCpltCallback
 .text.HAL_I2C_AbortCpltCallback
                0x08003d20        0x2 ./Drivers/STM32G0xx_HAL_Driver/Src/stm32g0xx_hal_i2c.o
                0x08003d20                HAL_I2C_AbortCpltCallback
 .text.I2C_TreatErrorCallback
                0x08003d22       0x2a ./Drivers/STM32G0xx_HAL_Driver/Src/stm32g0xx_hal_i2c.o
 .text.I2C_ITError
                0x08003d4c      0x114 ./Drivers/STM32G0xx_HAL_Driver/Src/stm32g0xx_hal_i2c.o
 .text.I2C_ITMasterCplt
                0x08003e60       0xe4 ./Drivers/STM32G0xx_HAL_Driver/Src/stm32g0xx_hal_i2c.o
 .text.I2C_Mem_ISR_DMA
                0x08003f44      0x15c ./Drivers/STM32G0xx_HAL_Driver/Src/stm32g0xx_hal_i2c.o
 .text.I2C_Master_ISR_DMA
                0x080040a0      0x108 ./Drivers/STM32G0xx_HAL_Driver/Src/stm32g0xx_hal_i2c.o
 .text.HAL_I2C_ER_IRQHandler
                0x080041a8       0x58 ./Drivers/STM32G0xx_HAL_Driver/Src/stm32g0xx_hal_i2c.o
                0x080041a8                HAL_I2C_ER_IRQHandler
 .text.I2C_ITSlaveCplt.constprop.0
                0x08004200      0x1c8 ./Drivers/STM32G0xx_HAL_Driver/Src/stm32g0xx_hal_i2c.o
 .text.I2C_Slave_ISR_DMA
                0x080043c8      0x10c ./Drivers/STM32G0xx_HAL_Driver/Src/stm32g0xx_hal_i2c.o
 .text.I2C_Slave_ISR_IT
                0x080044d4      0x11c ./Drivers/STM32G0xx_HAL_Driver/Src/stm32g0xx_hal_i2c.o
 .text.I2C_DMAAbort
                0x080045f0       0x1e ./Drivers/STM32G0xx_HAL_Driver/Src/stm32g0xx_hal_i2c.o
 *fill*         0x0800460e        0x2 
 .text.HAL_I2CEx_ConfigAnalogFilter
                0x08004610       0x4c ./Drivers/STM32G0xx_HAL_Driver/Src/stm32g0xx_hal_i2c_ex.o
                0x08004610                HAL_I2CEx_ConfigAnalogFilter
 .text.HAL_I2CEx_ConfigDigitalFilter
                0x0800465c       0x48 ./Drivers/STM32G0xx_HAL_Driver/Src/stm32g0xx_hal_i2c_ex.o
                0x0800465c                HAL_I2CEx_ConfigDigitalFilter
 .text.HAL_PWREx_ControlVoltageScaling
                0x080046a4       0x58 ./Drivers/STM32G0xx_HAL_Driver/Src/stm32g0xx_hal_pwr_ex.o
                0x080046a4                HAL_PWREx_ControlVoltageScaling
 .text.HAL_RCC_OscConfig
                0x080046fc      0x448 ./Drivers/STM32G0xx_HAL_Driver/Src/stm32g0xx_hal_rcc.o
                0x080046fc                HAL_RCC_OscConfig
 .text.HAL_RCC_GetSysClockFreq
                0x08004b44       0x88 ./Drivers/STM32G0xx_HAL_Driver/Src/stm32g0xx_hal_rcc.o
                0x08004b44                HAL_RCC_GetSysClockFreq
 .text.HAL_RCC_ClockConfig
                0x08004bcc      0x154 ./Drivers/STM32G0xx_HAL_Driver/Src/stm32g0xx_hal_rcc.o
                0x08004bcc                HAL_RCC_ClockConfig
 .text.HAL_RCC_GetPCLK1Freq
                0x08004d20       0x28 ./Drivers/STM32G0xx_HAL_Driver/Src/stm32g0xx_hal_rcc.o
                0x08004d20                HAL_RCC_GetPCLK1Freq
 .text.HAL_RCCEx_PeriphCLKConfig
                0x08004d48      0x1c0 ./Drivers/STM32G0xx_HAL_Driver/Src/stm32g0xx_hal_rcc_ex.o
                0x08004d48                HAL_RCCEx_PeriphCLKConfig
 .text.TIM_OC1_SetConfig
                0x08004f08       0x6c ./Drivers/STM32G0xx_HAL_Driver/Src/stm32g0xx_hal_tim.o
 .text.TIM_OC3_SetConfig
                0x08004f74       0x84 ./Drivers/STM32G0xx_HAL_Driver/Src/stm32g0xx_hal_tim.o
 .text.TIM_OC4_SetConfig
                0x08004ff8       0x68 ./Drivers/STM32G0xx_HAL_Driver/Src/stm32g0xx_hal_tim.o
 .text.TIM_OC5_SetConfig
                0x08005060       0x60 ./Drivers/STM32G0xx_HAL_Driver/Src/stm32g0xx_hal_tim.o
 .text.TIM_OC6_SetConfig
                0x080050c0       0x68 ./Drivers/STM32G0xx_HAL_Driver/Src/stm32g0xx_hal_tim.o
 .text.HAL_TIM_Base_Start_IT
                0x08005128       0x60 ./Drivers/STM32G0xx_HAL_Driver/Src/stm32g0xx_hal_tim.o
                0x08005128                HAL_TIM_Base_Start_IT
 .text.HAL_TIM_PWM_MspInit
                0x08005188        0x2 ./Drivers/STM32G0xx_HAL_Driver/Src/stm32g0xx_hal_tim.o
                0x08005188                HAL_TIM_PWM_MspInit
 .text.HAL_TIM_OC_DelayElapsedCallback
                0x0800518a        0x2 ./Drivers/STM32G0xx_HAL_Driver/Src/stm32g0xx_hal_tim.o
                0x0800518a                HAL_TIM_OC_DelayElapsedCallback
 .text.HAL_TIM_IC_CaptureCallback
                0x0800518c        0x2 ./Drivers/STM32G0xx_HAL_Driver/Src/stm32g0xx_hal_tim.o
                0x0800518c                HAL_TIM_IC_CaptureCallback
 .text.HAL_TIM_PWM_PulseFinishedCallback
                0x0800518e        0x2 ./Drivers/STM32G0xx_HAL_Driver/Src/stm32g0xx_hal_tim.o
                0x0800518e                HAL_TIM_PWM_PulseFinishedCallback
 .text.HAL_TIM_TriggerCallback
                0x08005190        0x2 ./Drivers/STM32G0xx_HAL_Driver/Src/stm32g0xx_hal_tim.o
                0x08005190                HAL_TIM_TriggerCallback
 *fill*         0x08005192        0x2 
 .text.HAL_TIM_IRQHandler
                0x08005194      0x158 ./Drivers/STM32G0xx_HAL_Driver/Src/stm32g0xx_hal_tim.o
                0x08005194                HAL_TIM_IRQHandler
 .text.TIM_Base_SetConfig
                0x080052ec       0x8c ./Drivers/STM32G0xx_HAL_Driver/Src/stm32g0xx_hal_tim.o
                0x080052ec                TIM_Base_SetConfig
 .text.HAL_TIM_Base_Init
                0x08005378       0x54 ./Drivers/STM32G0xx_HAL_Driver/Src/stm32g0xx_hal_tim.o
                0x08005378                HAL_TIM_Base_Init
 .text.HAL_TIM_PWM_Init
                0x080053cc       0x54 ./Drivers/STM32G0xx_HAL_Driver/Src/stm32g0xx_hal_tim.o
                0x080053cc                HAL_TIM_PWM_Init
 .text.TIM_OC2_SetConfig
                0x08005420       0x78 ./Drivers/STM32G0xx_HAL_Driver/Src/stm32g0xx_hal_tim.o
                0x08005420                TIM_OC2_SetConfig
 .text.HAL_TIM_PWM_ConfigChannel
                0x08005498      0x10c ./Drivers/STM32G0xx_HAL_Driver/Src/stm32g0xx_hal_tim.o
                0x08005498                HAL_TIM_PWM_ConfigChannel
 .text.TIM_ETR_SetConfig
                0x080055a4       0x18 ./Drivers/STM32G0xx_HAL_Driver/Src/stm32g0xx_hal_tim.o
                0x080055a4                TIM_ETR_SetConfig
 .text.HAL_TIM_ConfigClockSource
                0x080055bc      0x130 ./Drivers/STM32G0xx_HAL_Driver/Src/stm32g0xx_hal_tim.o
                0x080055bc                HAL_TIM_ConfigClockSource
 .text.TIM_CCxChannelCmd
                0x080056ec       0x1a ./Drivers/STM32G0xx_HAL_Driver/Src/stm32g0xx_hal_tim.o
                0x080056ec                TIM_CCxChannelCmd
 *fill*         0x08005706        0x2 
 .text.HAL_TIM_OC_Start
                0x08005708       0xf8 ./Drivers/STM32G0xx_HAL_Driver/Src/stm32g0xx_hal_tim.o
                0x08005708                HAL_TIM_OC_Start
 .text.HAL_TIM_PWM_Start
                0x08005800        0x8 ./Drivers/STM32G0xx_HAL_Driver/Src/stm32g0xx_hal_tim.o
                0x08005800                HAL_TIM_PWM_Start
 .text.HAL_TIMEx_MasterConfigSynchronization
                0x08005808       0x68 ./Drivers/STM32G0xx_HAL_Driver/Src/stm32g0xx_hal_tim_ex.o
                0x08005808                HAL_TIMEx_MasterConfigSynchronization
 .text.HAL_TIMEx_ConfigBreakDeadTime
                0x08005870       0xbc ./Drivers/STM32G0xx_HAL_Driver/Src/stm32g0xx_hal_tim_ex.o
                0x08005870                HAL_TIMEx_ConfigBreakDeadTime
 .text.HAL_TIMEx_CommutCallback
                0x0800592c        0x2 ./Drivers/STM32G0xx_HAL_Driver/Src/stm32g0xx_hal_tim_ex.o
                0x0800592c                HAL_TIMEx_CommutCallback
 .text.HAL_TIMEx_BreakCallback
                0x0800592e        0x2 ./Drivers/STM32G0xx_HAL_Driver/Src/stm32g0xx_hal_tim_ex.o
                0x0800592e                HAL_TIMEx_BreakCallback
 .text.HAL_TIMEx_Break2Callback
                0x08005930        0x2 ./Drivers/STM32G0xx_HAL_Driver/Src/stm32g0xx_hal_tim_ex.o
                0x08005930                HAL_TIMEx_Break2Callback
 *fill*         0x08005932        0x2 
 .text.UART_EndRxTransfer
                0x08005934       0x64 ./Drivers/STM32G0xx_HAL_Driver/Src/stm32g0xx_hal_uart.o
 .text.UART_SetConfig
                0x08005998      0x1e4 ./Drivers/STM32G0xx_HAL_Driver/Src/stm32g0xx_hal_uart.o
                0x08005998                UART_SetConfig
 .text.UART_AdvFeatureConfig
                0x08005b7c       0xd0 ./Drivers/STM32G0xx_HAL_Driver/Src/stm32g0xx_hal_uart.o
                0x08005b7c                UART_AdvFeatureConfig
 .text.UART_WaitOnFlagUntilTimeout
                0x08005c4c       0x92 ./Drivers/STM32G0xx_HAL_Driver/Src/stm32g0xx_hal_uart.o
                0x08005c4c                UART_WaitOnFlagUntilTimeout
 .text.HAL_UART_Transmit
                0x08005cde       0xd4 ./Drivers/STM32G0xx_HAL_Driver/Src/stm32g0xx_hal_uart.o
                0x08005cde                HAL_UART_Transmit
 *fill*         0x08005db2        0x2 
 .text.UART_CheckIdleState
                0x08005db4       0xc8 ./Drivers/STM32G0xx_HAL_Driver/Src/stm32g0xx_hal_uart.o
                0x08005db4                UART_CheckIdleState
 .text.HAL_UART_Init
                0x08005e7c       0x68 ./Drivers/STM32G0xx_HAL_Driver/Src/stm32g0xx_hal_uart.o
                0x08005e7c                HAL_UART_Init
 .text.memset   0x08005ee4       0x10 D:/ST/STM32CubeIDE_1.19.0/STM32CubeIDE/plugins/com.st.stm32cube.ide.mcu.externaltools.gnu-tools-for-stm32.13.3.rel1.win32_1.0.0.202411081344/tools/bin/../lib/gcc/arm-none-eabi/13.3.1/../../../../arm-none-eabi/lib/thumb/v6-m/nofp\libc_nano.a(libc_a-memset.o)
                0x08005ee4                memset
 .text.__errno  0x08005ef4        0xc D:/ST/STM32CubeIDE_1.19.0/STM32CubeIDE/plugins/com.st.stm32cube.ide.mcu.externaltools.gnu-tools-for-stm32.13.3.rel1.win32_1.0.0.202411081344/tools/bin/../lib/gcc/arm-none-eabi/13.3.1/../../../../arm-none-eabi/lib/thumb/v6-m/nofp\libc_nano.a(libc_a-errno.o)
                0x08005ef4                __errno
 .text.__libc_init_array
                0x08005f00       0x48 D:/ST/STM32CubeIDE_1.19.0/STM32CubeIDE/plugins/com.st.stm32cube.ide.mcu.externaltools.gnu-tools-for-stm32.13.3.rel1.win32_1.0.0.202411081344/tools/bin/../lib/gcc/arm-none-eabi/13.3.1/../../../../arm-none-eabi/lib/thumb/v6-m/nofp\libc_nano.a(libc_a-init.o)
                0x08005f00                __libc_init_array
 .text.memcpy   0x08005f48       0x12 D:/ST/STM32CubeIDE_1.19.0/STM32CubeIDE/plugins/com.st.stm32cube.ide.mcu.externaltools.gnu-tools-for-stm32.13.3.rel1.win32_1.0.0.202411081344/tools/bin/../lib/gcc/arm-none-eabi/13.3.1/../../../../arm-none-eabi/lib/thumb/v6-m/nofp\libc_nano.a(libc_a-memcpy-stub.o)
                0x08005f48                memcpy
 *fill*         0x08005f5a        0x2 
 .text.logf     0x08005f5c       0x58 D:/ST/STM32CubeIDE_1.19.0/STM32CubeIDE/plugins/com.st.stm32cube.ide.mcu.externaltools.gnu-tools-for-stm32.13.3.rel1.win32_1.0.0.202411081344/tools/bin/../lib/gcc/arm-none-eabi/13.3.1/../../../../arm-none-eabi/lib/thumb/v6-m/nofp\libm.a(libm_a-wf_log.o)
                0x08005f5c                logf
 .text.nanf     0x08005fb4        0x8 D:/ST/STM32CubeIDE_1.19.0/STM32CubeIDE/plugins/com.st.stm32cube.ide.mcu.externaltools.gnu-tools-for-stm32.13.3.rel1.win32_1.0.0.202411081344/tools/bin/../lib/gcc/arm-none-eabi/13.3.1/../../../../arm-none-eabi/lib/thumb/v6-m/nofp\libm.a(libm_a-sf_nan.o)
                0x08005fb4                nanf
 .text.__ieee754_logf
                0x08005fbc      0x264 D:/ST/STM32CubeIDE_1.19.0/STM32CubeIDE/plugins/com.st.stm32cube.ide.mcu.externaltools.gnu-tools-for-stm32.13.3.rel1.win32_1.0.0.202411081344/tools/bin/../lib/gcc/arm-none-eabi/13.3.1/../../../../arm-none-eabi/lib/thumb/v6-m/nofp\libm.a(libm_a-ef_log.o)
                0x08005fbc                __ieee754_logf
 *(.glue_7)
 .glue_7        0x08006220        0x0 linker stubs
 *(.glue_7t)
 .glue_7t       0x08006220        0x0 linker stubs
 *(.eh_frame)
 .eh_frame      0x08006220        0x0 D:/ST/STM32CubeIDE_1.19.0/STM32CubeIDE/plugins/com.st.stm32cube.ide.mcu.externaltools.gnu-tools-for-stm32.13.3.rel1.win32_1.0.0.202411081344/tools/bin/../lib/gcc/arm-none-eabi/13.3.1/thumb/v6-m/nofp/crtbegin.o
 *(.init)
 .init          0x08006220        0x4 D:/ST/STM32CubeIDE_1.19.0/STM32CubeIDE/plugins/com.st.stm32cube.ide.mcu.externaltools.gnu-tools-for-stm32.13.3.rel1.win32_1.0.0.202411081344/tools/bin/../lib/gcc/arm-none-eabi/13.3.1/thumb/v6-m/nofp/crti.o
                0x08006220                _init
 .init          0x08006224        0x8 D:/ST/STM32CubeIDE_1.19.0/STM32CubeIDE/plugins/com.st.stm32cube.ide.mcu.externaltools.gnu-tools-for-stm32.13.3.rel1.win32_1.0.0.202411081344/tools/bin/../lib/gcc/arm-none-eabi/13.3.1/thumb/v6-m/nofp/crtn.o
 *(.fini)
 .fini          0x0800622c        0x4 D:/ST/STM32CubeIDE_1.19.0/STM32CubeIDE/plugins/com.st.stm32cube.ide.mcu.externaltools.gnu-tools-for-stm32.13.3.rel1.win32_1.0.0.202411081344/tools/bin/../lib/gcc/arm-none-eabi/13.3.1/thumb/v6-m/nofp/crti.o
                0x0800622c                _fini
 .fini          0x08006230        0x8 D:/ST/STM32CubeIDE_1.19.0/STM32CubeIDE/plugins/com.st.stm32cube.ide.mcu.externaltools.gnu-tools-for-stm32.13.3.rel1.win32_1.0.0.202411081344/tools/bin/../lib/gcc/arm-none-eabi/13.3.1/thumb/v6-m/nofp/crtn.o
 .fini.__stub   0x08006238       0x10 linker stubs
                0x08006248                        . = ALIGN (0x4)
                0x08006248                        _etext = .

.vfp11_veneer   0x08006248        0x0
 .vfp11_veneer  0x08006248        0x0 linker stubs

.v4_bx          0x08006248        0x0
 .v4_bx         0x08006248        0x0 linker stubs

.iplt           0x08006248        0x0
 .iplt          0x08006248        0x0 D:/ST/STM32CubeIDE_1.19.0/STM32CubeIDE/plugins/com.st.stm32cube.ide.mcu.externaltools.gnu-tools-for-stm32.13.3.rel1.win32_1.0.0.202411081344/tools/bin/../lib/gcc/arm-none-eabi/13.3.1/thumb/v6-m/nofp/crtbegin.o

.rodata         0x08006248      0x138
                0x08006248                        . = ALIGN (0x4)
 *(.rodata)
 .rodata        0x08006248        0x6 ./Core/Src/app.o
 *fill*         0x0800624e        0x2 
 .rodata        0x08006250       0x7c D:/ST/STM32CubeIDE_1.19.0/STM32CubeIDE/plugins/com.st.stm32cube.ide.mcu.externaltools.gnu-tools-for-stm32.13.3.rel1.win32_1.0.0.202411081344/tools/bin/../lib/gcc/arm-none-eabi/13.3.1/thumb/v6-m/nofp\libgcc.a(divsf3.o)
 *(.rodata*)
 .rodata.app_init.str1.1
                0x080062cc        0xf ./Core/Src/app.o
                                  0xc (size before relaxing)
 .rodata.digit_segments
                0x080062db        0xc ./Core/Src/display.o
 .rodata.warm_theme.0
                0x080062e7        0xf ./Core/Src/lighting_mode.o
 .rodata.s_palette
                0x080062f6       0x12 ./Core/Src/lighting_mode.o
 .rodata.APBPrescTable
                0x08006308       0x20 ./Core/Src/system_stm32g0xx.o
                0x08006308                APBPrescTable
 .rodata.AHBPrescTable
                0x08006328       0x40 ./Core/Src/system_stm32g0xx.o
                0x08006328                AHBPrescTable
 .rodata.terminal_println.str1.1
                0x08006368        0x3 ./Core/Src/terminal.o
 .rodata.UARTPrescTable
                0x08006368       0x18 ./Drivers/STM32G0xx_HAL_Driver/Src/stm32g0xx_hal_uart.o
                0x08006368                UARTPrescTable
 .rodata.logf.str1.1
                0x08006380        0x1 D:/ST/STM32CubeIDE_1.19.0/STM32CubeIDE/plugins/com.st.stm32cube.ide.mcu.externaltools.gnu-tools-for-stm32.13.3.rel1.win32_1.0.0.202411081344/tools/bin/../lib/gcc/arm-none-eabi/13.3.1/../../../../arm-none-eabi/lib/thumb/v6-m/nofp\libm.a(libm_a-wf_log.o)
                0x08006384                        . = ALIGN (0x4)

.ARM.extab      0x08006380        0x0
                0x08006380                        . = ALIGN (0x4)
 *(.ARM.extab* .gnu.linkonce.armextab.*)
                0x08006380                        . = ALIGN (0x4)

.ARM            0x08006380        0x8
                0x08006380                        . = ALIGN (0x4)
                0x08006380                        __exidx_start = .
 *(.ARM.exidx*)
 .ARM.exidx     0x08006380        0x8 D:/ST/STM32CubeIDE_1.19.0/STM32CubeIDE/plugins/com.st.stm32cube.ide.mcu.externaltools.gnu-tools-for-stm32.13.3.rel1.win32_1.0.0.202411081344/tools/bin/../lib/gcc/arm-none-eabi/13.3.1/thumb/v6-m/nofp\libgcc.a(_udivmoddi4.o)
                0x08006388                        __exidx_end = .
                0x08006388                        . = ALIGN (0x4)

.preinit_array  0x08006388        0x0
                0x08006388                        . = ALIGN (0x4)
                0x08006388                        PROVIDE (__preinit_array_start = .)
 *(.preinit_array*)
                0x08006388                        PROVIDE (__preinit_array_end = .)
                0x08006388                        . = ALIGN (0x4)

.init_array     0x08006388        0x4
                0x08006388                        . = ALIGN (0x4)
                0x08006388                        PROVIDE (__init_array_start = .)
 *(SORT_BY_NAME(.init_array.*))
 *(.init_array*)
 .init_array    0x08006388        0x4 D:/ST/STM32CubeIDE_1.19.0/STM32CubeIDE/plugins/com.st.stm32cube.ide.mcu.externaltools.gnu-tools-for-stm32.13.3.rel1.win32_1.0.0.202411081344/tools/bin/../lib/gcc/arm-none-eabi/13.3.1/thumb/v6-m/nofp/crtbegin.o
                0x0800638c                        PROVIDE (__init_array_end = .)
                0x0800638c                        . = ALIGN (0x4)

.fini_array     0x0800638c        0x4
                0x0800638c                        . = ALIGN (0x4)
                [!provide]                        PROVIDE (__fini_array_start = .)
 *(SORT_BY_NAME(.fini_array.*))
 *(.fini_array*)
 .fini_array    0x0800638c        0x4 D:/ST/STM32CubeIDE_1.19.0/STM32CubeIDE/plugins/com.st.stm32cube.ide.mcu.externaltools.gnu-tools-for-stm32.13.3.rel1.win32_1.0.0.202411081344/tools/bin/../lib/gcc/arm-none-eabi/13.3.1/thumb/v6-m/nofp/crtbegin.o
                [!provide]                        PROVIDE (__fini_array_end = .)
                0x08006390                        . = ALIGN (0x4)
                0x08006390                        _sidata = LOADADDR (.data)

.rel.dyn        0x08006390        0x0
 .rel.iplt      0x08006390        0x0 D:/ST/STM32CubeIDE_1.19.0/STM32CubeIDE/plugins/com.st.stm32cube.ide.mcu.externaltools.gnu-tools-for-stm32.13.3.rel1.win32_1.0.0.202411081344/tools/bin/../lib/gcc/arm-none-eabi/13.3.1/thumb/v6-m/nofp/crtbegin.o

.data           0x20000000       0xa0 load address 0x08006390
                0x20000000                        . = ALIGN (0x4)
                0x20000000                        _sdata = .
 *(.data)
 *(.data*)
 .data.last_price.0
                0x20000000        0x2 ./Core/Src/app.o
 .data.g_base_b
                0x20000002        0x1 ./Core/Src/app.o
 .data.g_base_g
                0x20000003        0x1 ./Core/Src/app.o
 .data.g_base_r
                0x20000004        0x1 ./Core/Src/app.o
 *fill*         0x20000005        0x1 
 .data.g_price  0x20000006        0x2 ./Core/Src/app.o
 .data.pos      0x20000008        0x1 ./Core/Src/display.o
 .data.s_base_b
                0x20000009        0x1 ./Core/Src/lighting_mode.o
 .data.s_base_g
                0x2000000a        0x1 ./Core/Src/lighting_mode.o
 .data.s_base_r
                0x2000000b        0x1 ./Core/Src/lighting_mode.o
 .data.SystemCoreClock
                0x2000000c        0x4 ./Core/Src/system_stm32g0xx.o
                0x2000000c                SystemCoreClock
 .data.uwTickFreq
                0x20000010        0x1 ./Drivers/STM32G0xx_HAL_Driver/Src/stm32g0xx_hal.o
                0x20000010                uwTickFreq
 *fill*         0x20000011        0x3 
 .data.uwTickPrio
                0x20000014        0x4 ./Drivers/STM32G0xx_HAL_Driver/Src/stm32g0xx_hal.o
                0x20000014                uwTickPrio
 .data._impure_ptr
                0x20000018        0x4 D:/ST/STM32CubeIDE_1.19.0/STM32CubeIDE/plugins/com.st.stm32cube.ide.mcu.externaltools.gnu-tools-for-stm32.13.3.rel1.win32_1.0.0.202411081344/tools/bin/../lib/gcc/arm-none-eabi/13.3.1/../../../../arm-none-eabi/lib/thumb/v6-m/nofp\libc_nano.a(libc_a-impure.o)
                0x20000018                _impure_ptr
 .data._impure_data
                0x2000001c       0x4c D:/ST/STM32CubeIDE_1.19.0/STM32CubeIDE/plugins/com.st.stm32cube.ide.mcu.externaltools.gnu-tools-for-stm32.13.3.rel1.win32_1.0.0.202411081344/tools/bin/../lib/gcc/arm-none-eabi/13.3.1/../../../../arm-none-eabi/lib/thumb/v6-m/nofp\libc_nano.a(libc_a-impure.o)
                0x2000001c                _impure_data
 *(.RamFunc)
 .RamFunc       0x20000068       0x38 ./Drivers/STM32G0xx_HAL_Driver/Src/stm32g0xx_hal_flash.o
 *(.RamFunc*)
                0x200000a0                        . = ALIGN (0x4)
                0x200000a0                        _edata = .

.igot.plt       0x200000a0        0x0 load address 0x08006430
 .igot.plt      0x200000a0        0x0 D:/ST/STM32CubeIDE_1.19.0/STM32CubeIDE/plugins/com.st.stm32cube.ide.mcu.externaltools.gnu-tools-for-stm32.13.3.rel1.win32_1.0.0.202411081344/tools/bin/../lib/gcc/arm-none-eabi/13.3.1/thumb/v6-m/nofp/crtbegin.o
                0x200000a0                        . = ALIGN (0x4)

.bss            0x200000a0      0x3b0 load address 0x08006430
                0x200000a0                        _sbss = .
                0x200000a0                        __bss_start__ = _sbss
 *(.bss)
 .bss           0x200000a0       0x1c D:/ST/STM32CubeIDE_1.19.0/STM32CubeIDE/plugins/com.st.stm32cube.ide.mcu.externaltools.gnu-tools-for-stm32.13.3.rel1.win32_1.0.0.202411081344/tools/bin/../lib/gcc/arm-none-eabi/13.3.1/thumb/v6-m/nofp/crtbegin.o
 *(.bss*)
 .bss.g_light_mode
                0x200000bc        0x1 ./Core/Src/app.o
 *fill*         0x200000bd        0x3 
 .bss.last_tick
                0x200000c0        0x4 ./Core/Src/display.o
 .bss.g_blank   0x200000c4        0x1 ./Core/Src/display.o
 *fill*         0x200000c5        0x1 
 .bss.g_number  0x200000c6        0x2 ./Core/Src/display.o
 .bss.dbg_last_cmd
                0x200000c8        0x1 ./Core/Src/i2c_slave.o
 *fill*         0x200000c9        0x3 
 .bss.dbg_tx_start_busy
                0x200000cc        0x4 ./Core/Src/i2c_slave.o
 .bss.dbg_tx_start_ok
                0x200000d0        0x4 ./Core/Src/i2c_slave.o
 .bss.dbg_arm_rx_busy
                0x200000d4        0x4 ./Core/Src/i2c_slave.o
 .bss.dbg_arm_rx_ok
                0x200000d8        0x4 ./Core/Src/i2c_slave.o
 .bss.dbg_err_cplt
                0x200000dc        0x4 ./Core/Src/i2c_slave.o
 .bss.dbg_tx_cplt
                0x200000e0        0x4 ./Core/Src/i2c_slave.o
 .bss.dbg_rx_cplt
                0x200000e4        0x4 ./Core/Src/i2c_slave.o
 .bss.tx_pending
                0x200000e8        0x1 ./Core/Src/i2c_slave.o
 .bss.rx_armed  0x200000e9        0x1 ./Core/Src/i2c_slave.o
 .bss.tx_busy   0x200000ea        0x1 ./Core/Src/i2c_slave.o
 .bss.tx_len    0x200000eb        0x1 ./Core/Src/i2c_slave.o
 .bss.tx_buf    0x200000ec        0x8 ./Core/Src/i2c_slave.o
 .bss.rx4       0x200000f4        0x4 ./Core/Src/i2c_slave.o
 .bss.s_saved_state
                0x200000f8        0x8 ./Core/Src/lighting_mode.o
 .bss.s_state   0x20000100        0x8 ./Core/Src/lighting_mode.o
 .bss.huart2    0x20000108       0x94 ./Core/Src/main.o
                0x20000108                huart2
 .bss.htim14    0x2000019c       0x4c ./Core/Src/main.o
                0x2000019c                htim14
 .bss.htim1     0x200001e8       0x4c ./Core/Src/main.o
                0x200001e8                htim1
 .bss.hi2c1     0x20000234       0x54 ./Core/Src/main.o
                0x20000234                hi2c1
 .bss.hadc1     0x20000288       0x64 ./Core/Src/main.o
                0x20000288                hadc1
 .bss.s_next_seq
                0x200002ec        0x2 ./Core/Src/nv_store.o
 .bss.s_pending_state
                0x200002ee        0x6 ./Core/Src/nv_store.o
 .bss.s_dirty   0x200002f4        0x1 ./Core/Src/nv_store.o
 .bss.bam_bit   0x200002f5        0x1 ./Core/Src/rgb.o
 .bss.blue_pwm  0x200002f6        0x1 ./Core/Src/rgb.o
 *fill*         0x200002f7        0x1 
 .bss.uwTick    0x200002f8        0x4 ./Drivers/STM32G0xx_HAL_Driver/Src/stm32g0xx_hal.o
                0x200002f8                uwTick
 .bss.pFlash    0x200002fc       0x1c ./Drivers/STM32G0xx_HAL_Driver/Src/stm32g0xx_hal_flash.o
                0x200002fc                pFlash
 .bss.__sf      0x20000318      0x138 D:/ST/STM32CubeIDE_1.19.0/STM32CubeIDE/plugins/com.st.stm32cube.ide.mcu.externaltools.gnu-tools-for-stm32.13.3.rel1.win32_1.0.0.202411081344/tools/bin/../lib/gcc/arm-none-eabi/13.3.1/../../../../arm-none-eabi/lib/thumb/v6-m/nofp\libc_nano.a(libc_a-findfp.o)
                0x20000318                __sf
 *(COMMON)
                0x20000450                        . = ALIGN (0x4)
                0x20000450                        _ebss = .
                0x20000450                        __bss_end__ = _ebss

._user_heap_stack
                0x20000450      0x600 load address 0x08006430
                0x20000450                        . = ALIGN (0x8)
                [!provide]                        PROVIDE (end = .)
                0x20000450                        PROVIDE (_end = .)
                0x20000650                        . = (. + _Min_Heap_Size)
 *fill*         0x20000450      0x200 
                0x20000a50                        . = (. + _Min_Stack_Size)
 *fill*         0x20000650      0x400 
                0x20000a50                        . = ALIGN (0x8)

/DISCARD/
 libc.a(*)
 libm.a(*)
 libgcc.a(*)

.ARM.attributes
                0x00000000       0x28
 *(.ARM.attributes)
 .ARM.attributes
                0x00000000       0x1e D:/ST/STM32CubeIDE_1.19.0/STM32CubeIDE/plugins/com.st.stm32cube.ide.mcu.externaltools.gnu-tools-for-stm32.13.3.rel1.win32_1.0.0.202411081344/tools/bin/../lib/gcc/arm-none-eabi/13.3.1/thumb/v6-m/nofp/crti.o
 .ARM.attributes
                0x0000001e       0x2c D:/ST/STM32CubeIDE_1.19.0/STM32CubeIDE/plugins/com.st.stm32cube.ide.mcu.externaltools.gnu-tools-for-stm32.13.3.rel1.win32_1.0.0.202411081344/tools/bin/../lib/gcc/arm-none-eabi/13.3.1/thumb/v6-m/nofp/crtbegin.o
 .ARM.attributes
                0x0000004a       0x2c ./Core/Src/app.o
 .ARM.attributes
                0x00000076       0x2c ./Core/Src/display.o
 .ARM.attributes
                0x000000a2       0x2c ./Core/Src/i2c_slave.o
 .ARM.attributes
                0x000000ce       0x2c ./Core/Src/lighting_mode.o
 .ARM.attributes
                0x000000fa       0x2c ./Core/Src/main.o
 .ARM.attributes
                0x00000126       0x2c ./Core/Src/nv_store.o
 .ARM.attributes
                0x00000152       0x2c ./Core/Src/rgb.o
 .ARM.attributes
                0x0000017e       0x2c ./Core/Src/stm32g0xx_hal_msp.o
 .ARM.attributes
                0x000001aa       0x2c ./Core/Src/stm32g0xx_it.o
 .ARM.attributes
                0x000001d6       0x2c ./Core/Src/system_stm32g0xx.o
 .ARM.attributes
                0x00000202       0x2c ./Core/Src/temp.o
 .ARM.attributes
                0x0000022e       0x2c ./Core/Src/terminal.o
 .ARM.attributes
                0x0000025a       0x22 ./Core/Startup/startup_stm32g031g6ux.o
 .ARM.attributes
                0x0000027c       0x2c ./Drivers/STM32G0xx_HAL_Driver/Src/stm32g0xx_hal.o
 .ARM.attributes
                0x000002a8       0x2c ./Drivers/STM32G0xx_HAL_Driver/Src/stm32g0xx_hal_adc.o
 .ARM.attributes
                0x000002d4       0x2c ./Drivers/STM32G0xx_HAL_Driver/Src/stm32g0xx_hal_cortex.o
 .ARM.attributes
                0x00000300       0x2c ./Drivers/STM32G0xx_HAL_Driver/Src/stm32g0xx_hal_dma.o
 .ARM.attributes
                0x0000032c       0x2c ./Drivers/STM32G0xx_HAL_Driver/Src/stm32g0xx_hal_flash.o
 .ARM.attributes
                0x00000358       0x2c ./Drivers/STM32G0xx_HAL_Driver/Src/stm32g0xx_hal_flash_ex.o
 .ARM.attributes
                0x00000384       0x2c ./Drivers/STM32G0xx_HAL_Driver/Src/stm32g0xx_hal_gpio.o
 .ARM.attributes
                0x000003b0       0x2c ./Drivers/STM32G0xx_HAL_Driver/Src/stm32g0xx_hal_i2c.o
 .ARM.attributes
                0x000003dc       0x2c ./Drivers/STM32G0xx_HAL_Driver/Src/stm32g0xx_hal_i2c_ex.o
 .ARM.attributes
                0x00000408       0x2c ./Drivers/STM32G0xx_HAL_Driver/Src/stm32g0xx_hal_pwr_ex.o
 .ARM.attributes
                0x00000434       0x2c ./Drivers/STM32G0xx_HAL_Driver/Src/stm32g0xx_hal_rcc.o
 .ARM.attributes
                0x00000460       0x2c ./Drivers/STM32G0xx_HAL_Driver/Src/stm32g0xx_hal_rcc_ex.o
 .ARM.attributes
                0x0000048c       0x2c ./Drivers/STM32G0xx_HAL_Driver/Src/stm32g0xx_hal_tim.o
 .ARM.attributes
                0x000004b8       0x2c ./Drivers/STM32G0xx_HAL_Driver/Src/stm32g0xx_hal_tim_ex.o
 .ARM.attributes
                0x000004e4       0x2c ./Drivers/STM32G0xx_HAL_Driver/Src/stm32g0xx_hal_uart.o
 .ARM.attributes
                0x00000510       0x2c D:/ST/STM32CubeIDE_1.19.0/STM32CubeIDE/plugins/com.st.stm32cube.ide.mcu.externaltools.gnu-tools-for-stm32.13.3.rel1.win32_1.0.0.202411081344/tools/bin/../lib/gcc/arm-none-eabi/13.3.1/../../../../arm-none-eabi/lib/thumb/v6-m/nofp\libc_nano.a(libc_a-findfp.o)
 .ARM.attributes
                0x0000053c       0x2c D:/ST/STM32CubeIDE_1.19.0/STM32CubeIDE/plugins/com.st.stm32cube.ide.mcu.externaltools.gnu-tools-for-stm32.13.3.rel1.win32_1.0.0.202411081344/tools/bin/../lib/gcc/arm-none-eabi/13.3.1/../../../../arm-none-eabi/lib/thumb/v6-m/nofp\libc_nano.a(libc_a-memset.o)
 .ARM.attributes
                0x00000568       0x2c D:/ST/STM32CubeIDE_1.19.0/STM32CubeIDE/plugins/com.st.stm32cube.ide.mcu.externaltools.gnu-tools-for-stm32.13.3.rel1.win32_1.0.0.202411081344/tools/bin/../lib/gcc/arm-none-eabi/13.3.1/../../../../arm-none-eabi/lib/thumb/v6-m/nofp\libc_nano.a(libc_a-impure.o)
 .ARM.attributes
                0x00000594       0x2c D:/ST/STM32CubeIDE_1.19.0/STM32CubeIDE/plugins/com.st.stm32cube.ide.mcu.externaltools.gnu-tools-for-stm32.13.3.rel1.win32_1.0.0.202411081344/tools/bin/../lib/gcc/arm-none-eabi/13.3.1/../../../../arm-none-eabi/lib/thumb/v6-m/nofp\libc_nano.a(libc_a-errno.o)
 .ARM.attributes
                0x000005c0       0x2c D:/ST/STM32CubeIDE_1.19.0/STM32CubeIDE/plugins/com.st.stm32cube.ide.mcu.externaltools.gnu-tools-for-stm32.13.3.rel1.win32_1.0.0.202411081344/tools/bin/../lib/gcc/arm-none-eabi/13.3.1/../../../../arm-none-eabi/lib/thumb/v6-m/nofp\libc_nano.a(libc_a-init.o)
 .ARM.attributes
                0x000005ec       0x2c D:/ST/STM32CubeIDE_1.19.0/STM32CubeIDE/plugins/com.st.stm32cube.ide.mcu.externaltools.gnu-tools-for-stm32.13.3.rel1.win32_1.0.0.202411081344/tools/bin/../lib/gcc/arm-none-eabi/13.3.1/../../../../arm-none-eabi/lib/thumb/v6-m/nofp\libc_nano.a(libc_a-memcpy-stub.o)
 .ARM.attributes
                0x00000618       0x1c D:/ST/STM32CubeIDE_1.19.0/STM32CubeIDE/plugins/com.st.stm32cube.ide.mcu.externaltools.gnu-tools-for-stm32.13.3.rel1.win32_1.0.0.202411081344/tools/bin/../lib/gcc/arm-none-eabi/13.3.1/../../../../arm-none-eabi/lib/thumb/v6-m/nofp\libc_nano.a(libc_a-strlen.o)
 .ARM.attributes
                0x00000634       0x2c D:/ST/STM32CubeIDE_1.19.0/STM32CubeIDE/plugins/com.st.stm32cube.ide.mcu.externaltools.gnu-tools-for-stm32.13.3.rel1.win32_1.0.0.202411081344/tools/bin/../lib/gcc/arm-none-eabi/13.3.1/../../../../arm-none-eabi/lib/thumb/v6-m/nofp\libm.a(libm_a-wf_log.o)
 .ARM.attributes
                0x00000660       0x2c D:/ST/STM32CubeIDE_1.19.0/STM32CubeIDE/plugins/com.st.stm32cube.ide.mcu.externaltools.gnu-tools-for-stm32.13.3.rel1.win32_1.0.0.202411081344/tools/bin/../lib/gcc/arm-none-eabi/13.3.1/../../../../arm-none-eabi/lib/thumb/v6-m/nofp\libm.a(libm_a-sf_nan.o)
 .ARM.attributes
                0x0000068c       0x2c D:/ST/STM32CubeIDE_1.19.0/STM32CubeIDE/plugins/com.st.stm32cube.ide.mcu.externaltools.gnu-tools-for-stm32.13.3.rel1.win32_1.0.0.202411081344/tools/bin/../lib/gcc/arm-none-eabi/13.3.1/../../../../arm-none-eabi/lib/thumb/v6-m/nofp\libm.a(libm_a-ef_log.o)
 .ARM.attributes
                0x000006b8       0x1e D:/ST/STM32CubeIDE_1.19.0/STM32CubeIDE/plugins/com.st.stm32cube.ide.mcu.externaltools.gnu-tools-for-stm32.13.3.rel1.win32_1.0.0.202411081344/tools/bin/../lib/gcc/arm-none-eabi/13.3.1/thumb/v6-m/nofp\libgcc.a(_thumb1_case_uqi.o)
 .ARM.attributes
                0x000006d6       0x1e D:/ST/STM32CubeIDE_1.19.0/STM32CubeIDE/plugins/com.st.stm32cube.ide.mcu.externaltools.gnu-tools-for-stm32.13.3.rel1.win32_1.0.0.202411081344/tools/bin/../lib/gcc/arm-none-eabi/13.3.1/thumb/v6-m/nofp\libgcc.a(_udivsi3.o)
 .ARM.attributes
                0x000006f4       0x1e D:/ST/STM32CubeIDE_1.19.0/STM32CubeIDE/plugins/com.st.stm32cube.ide.mcu.externaltools.gnu-tools-for-stm32.13.3.rel1.win32_1.0.0.202411081344/tools/bin/../lib/gcc/arm-none-eabi/13.3.1/thumb/v6-m/nofp\libgcc.a(_divsi3.o)
 .ARM.attributes
                0x00000712       0x1e D:/ST/STM32CubeIDE_1.19.0/STM32CubeIDE/plugins/com.st.stm32cube.ide.mcu.externaltools.gnu-tools-for-stm32.13.3.rel1.win32_1.0.0.202411081344/tools/bin/../lib/gcc/arm-none-eabi/13.3.1/thumb/v6-m/nofp\libgcc.a(_dvmd_tls.o)
 .ARM.attributes
                0x00000730       0x1e D:/ST/STM32CubeIDE_1.19.0/STM32CubeIDE/plugins/com.st.stm32cube.ide.mcu.externaltools.gnu-tools-for-stm32.13.3.rel1.win32_1.0.0.202411081344/tools/bin/../lib/gcc/arm-none-eabi/13.3.1/thumb/v6-m/nofp\libgcc.a(_arm_cmpsf2.o)
 .ARM.attributes
                0x0000074e       0x1e D:/ST/STM32CubeIDE_1.19.0/STM32CubeIDE/plugins/com.st.stm32cube.ide.mcu.externaltools.gnu-tools-for-stm32.13.3.rel1.win32_1.0.0.202411081344/tools/bin/../lib/gcc/arm-none-eabi/13.3.1/thumb/v6-m/nofp\libgcc.a(_aeabi_uldivmod.o)
 .ARM.attributes
                0x0000076c       0x2c D:/ST/STM32CubeIDE_1.19.0/STM32CubeIDE/plugins/com.st.stm32cube.ide.mcu.externaltools.gnu-tools-for-stm32.13.3.rel1.win32_1.0.0.202411081344/tools/bin/../lib/gcc/arm-none-eabi/13.3.1/thumb/v6-m/nofp\libgcc.a(_udivmoddi4.o)
 .ARM.attributes
                0x00000798       0x2c D:/ST/STM32CubeIDE_1.19.0/STM32CubeIDE/plugins/com.st.stm32cube.ide.mcu.externaltools.gnu-tools-for-stm32.13.3.rel1.win32_1.0.0.202411081344/tools/bin/../lib/gcc/arm-none-eabi/13.3.1/thumb/v6-m/nofp\libgcc.a(addsf3.o)
 .ARM.attributes
                0x000007c4       0x2c D:/ST/STM32CubeIDE_1.19.0/STM32CubeIDE/plugins/com.st.stm32cube.ide.mcu.externaltools.gnu-tools-for-stm32.13.3.rel1.win32_1.0.0.202411081344/tools/bin/../lib/gcc/arm-none-eabi/13.3.1/thumb/v6-m/nofp\libgcc.a(divsf3.o)
 .ARM.attributes
                0x000007f0       0x2c D:/ST/STM32CubeIDE_1.19.0/STM32CubeIDE/plugins/com.st.stm32cube.ide.mcu.externaltools.gnu-tools-for-stm32.13.3.rel1.win32_1.0.0.202411081344/tools/bin/../lib/gcc/arm-none-eabi/13.3.1/thumb/v6-m/nofp\libgcc.a(eqsf2.o)
 .ARM.attributes
                0x0000081c       0x2c D:/ST/STM32CubeIDE_1.19.0/STM32CubeIDE/plugins/com.st.stm32cube.ide.mcu.externaltools.gnu-tools-for-stm32.13.3.rel1.win32_1.0.0.202411081344/tools/bin/../lib/gcc/arm-none-eabi/13.3.1/thumb/v6-m/nofp\libgcc.a(gesf2.o)
 .ARM.attributes
                0x00000848       0x2c D:/ST/STM32CubeIDE_1.19.0/STM32CubeIDE/plugins/com.st.stm32cube.ide.mcu.externaltools.gnu-tools-for-stm32.13.3.rel1.win32_1.0.0.202411081344/tools/bin/../lib/gcc/arm-none-eabi/13.3.1/thumb/v6-m/nofp\libgcc.a(lesf2.o)
 .ARM.attributes
                0x00000874       0x2c D:/ST/STM32CubeIDE_1.19.0/STM32CubeIDE/plugins/com.st.stm32cube.ide.mcu.externaltools.gnu-tools-for-stm32.13.3.rel1.win32_1.0.0.202411081344/tools/bin/../lib/gcc/arm-none-eabi/13.3.1/thumb/v6-m/nofp\libgcc.a(mulsf3.o)
 .ARM.attributes
                0x000008a0       0x2c D:/ST/STM32CubeIDE_1.19.0/STM32CubeIDE/plugins/com.st.stm32cube.ide.mcu.externaltools.gnu-tools-for-stm32.13.3.rel1.win32_1.0.0.202411081344/tools/bin/../lib/gcc/arm-none-eabi/13.3.1/thumb/v6-m/nofp\libgcc.a(subsf3.o)
 .ARM.attributes
                0x000008cc       0x2c D:/ST/STM32CubeIDE_1.19.0/STM32CubeIDE/plugins/com.st.stm32cube.ide.mcu.externaltools.gnu-tools-for-stm32.13.3.rel1.win32_1.0.0.202411081344/tools/bin/../lib/gcc/arm-none-eabi/13.3.1/thumb/v6-m/nofp\libgcc.a(unordsf2.o)
 .ARM.attributes
                0x000008f8       0x2c D:/ST/STM32CubeIDE_1.19.0/STM32CubeIDE/plugins/com.st.stm32cube.ide.mcu.externaltools.gnu-tools-for-stm32.13.3.rel1.win32_1.0.0.202411081344/tools/bin/../lib/gcc/arm-none-eabi/13.3.1/thumb/v6-m/nofp\libgcc.a(fixsfsi.o)
 .ARM.attributes
                0x00000924       0x2c D:/ST/STM32CubeIDE_1.19.0/STM32CubeIDE/plugins/com.st.stm32cube.ide.mcu.externaltools.gnu-tools-for-stm32.13.3.rel1.win32_1.0.0.202411081344/tools/bin/../lib/gcc/arm-none-eabi/13.3.1/thumb/v6-m/nofp\libgcc.a(floatsisf.o)
 .ARM.attributes
                0x00000950       0x2c D:/ST/STM32CubeIDE_1.19.0/STM32CubeIDE/plugins/com.st.stm32cube.ide.mcu.externaltools.gnu-tools-for-stm32.13.3.rel1.win32_1.0.0.202411081344/tools/bin/../lib/gcc/arm-none-eabi/13.3.1/thumb/v6-m/nofp\libgcc.a(floatunsisf.o)
 .ARM.attributes
                0x0000097c       0x1e D:/ST/STM32CubeIDE_1.19.0/STM32CubeIDE/plugins/com.st.stm32cube.ide.mcu.externaltools.gnu-tools-for-stm32.13.3.rel1.win32_1.0.0.202411081344/tools/bin/../lib/gcc/arm-none-eabi/13.3.1/thumb/v6-m/nofp\libgcc.a(_clzsi2.o)
 .ARM.attributes
                0x0000099a       0x1e D:/ST/STM32CubeIDE_1.19.0/STM32CubeIDE/plugins/com.st.stm32cube.ide.mcu.externaltools.gnu-tools-for-stm32.13.3.rel1.win32_1.0.0.202411081344/tools/bin/../lib/gcc/arm-none-eabi/13.3.1/thumb/v6-m/nofp\libgcc.a(_clzdi2.o)
 .ARM.attributes
                0x000009b8       0x1e D:/ST/STM32CubeIDE_1.19.0/STM32CubeIDE/plugins/com.st.stm32cube.ide.mcu.externaltools.gnu-tools-for-stm32.13.3.rel1.win32_1.0.0.202411081344/tools/bin/../lib/gcc/arm-none-eabi/13.3.1/thumb/v6-m/nofp/crtn.o
OUTPUT(Locker Driver V1.0.elf elf32-littlearm)
LOAD linker stubs
LOAD D:/ST/STM32CubeIDE_1.19.0/STM32CubeIDE/plugins/com.st.stm32cube.ide.mcu.externaltools.gnu-tools-for-stm32.13.3.rel1.win32_1.0.0.202411081344/tools/bin/../lib/gcc/arm-none-eabi/13.3.1/../../../../arm-none-eabi/lib/thumb/v6-m/nofp\libc.a
LOAD D:/ST/STM32CubeIDE_1.19.0/STM32CubeIDE/plugins/com.st.stm32cube.ide.mcu.externaltools.gnu-tools-for-stm32.13.3.rel1.win32_1.0.0.202411081344/tools/bin/../lib/gcc/arm-none-eabi/13.3.1/../../../../arm-none-eabi/lib/thumb/v6-m/nofp\libm.a
LOAD D:/ST/STM32CubeIDE_1.19.0/STM32CubeIDE/plugins/com.st.stm32cube.ide.mcu.externaltools.gnu-tools-for-stm32.13.3.rel1.win32_1.0.0.202411081344/tools/bin/../lib/gcc/arm-none-eabi/13.3.1/thumb/v6-m/nofp\libgcc.a

.debug_info     0x00000000    0x2214a
 .debug_info    0x00000000      0x53e ./Core/Src/app.o
 .debug_info    0x0000053e      0x8ad ./Core/Src/display.o
 .debug_info    0x00000deb      0xcba ./Core/Src/i2c_slave.o
 .debug_info    0x00001aa5      0xab8 ./Core/Src/lighting_mode.o
 .debug_info    0x0000255d     0x2348 ./Core/Src/main.o
 .debug_info    0x000048a5      0xae0 ./Core/Src/nv_store.o
 .debug_info    0x00005385      0xb80 ./Core/Src/rgb.o
 .debug_info    0x00005f05     0x1aee ./Core/Src/stm32g0xx_hal_msp.o
 .debug_info    0x000079f3      0xb66 ./Core/Src/stm32g0xx_it.o
 .debug_info    0x00008559      0x345 ./Core/Src/system_stm32g0xx.o
 .debug_info    0x0000889e      0x906 ./Core/Src/temp.o
 .debug_info    0x000091a4      0xa0b ./Core/Src/terminal.o
 .debug_info    0x00009baf       0x30 ./Core/Startup/startup_stm32g031g6ux.o
 .debug_info    0x00009bdf      0xb43 ./Drivers/STM32G0xx_HAL_Driver/Src/stm32g0xx_hal.o
 .debug_info    0x0000a722     0x20fc ./Drivers/STM32G0xx_HAL_Driver/Src/stm32g0xx_hal_adc.o
 .debug_info    0x0000c81e      0xa57 ./Drivers/STM32G0xx_HAL_Driver/Src/stm32g0xx_hal_cortex.o
 .debug_info    0x0000d275      0xa3d ./Drivers/STM32G0xx_HAL_Driver/Src/stm32g0xx_hal_dma.o
 .debug_info    0x0000dcb2      0x828 ./Drivers/STM32G0xx_HAL_Driver/Src/stm32g0xx_hal_flash.o
 .debug_info    0x0000e4da      0xd31 ./Drivers/STM32G0xx_HAL_Driver/Src/stm32g0xx_hal_flash_ex.o
 .debug_info    0x0000f20b      0x5ed ./Drivers/STM32G0xx_HAL_Driver/Src/stm32g0xx_hal_gpio.o
 .debug_info    0x0000f7f8     0x3f29 ./Drivers/STM32G0xx_HAL_Driver/Src/stm32g0xx_hal_i2c.o
 .debug_info    0x00013721      0x9f2 ./Drivers/STM32G0xx_HAL_Driver/Src/stm32g0xx_hal_i2c_ex.o
 .debug_info    0x00014113      0x7ef ./Drivers/STM32G0xx_HAL_Driver/Src/stm32g0xx_hal_pwr_ex.o
 .debug_info    0x00014902      0xdbb ./Drivers/STM32G0xx_HAL_Driver/Src/stm32g0xx_hal_rcc.o
 .debug_info    0x000156bd      0x835 ./Drivers/STM32G0xx_HAL_Driver/Src/stm32g0xx_hal_rcc_ex.o
 .debug_info    0x00015ef2     0x438a ./Drivers/STM32G0xx_HAL_Driver/Src/stm32g0xx_hal_tim.o
 .debug_info    0x0001a27c     0x1d7c ./Drivers/STM32G0xx_HAL_Driver/Src/stm32g0xx_hal_tim_ex.o
 .debug_info    0x0001bff8     0x6152 ./Drivers/STM32G0xx_HAL_Driver/Src/stm32g0xx_hal_uart.o

.debug_abbrev   0x00000000     0x4db9
 .debug_abbrev  0x00000000      0x1d6 ./Core/Src/app.o
 .debug_abbrev  0x000001d6      0x297 ./Core/Src/display.o
 .debug_abbrev  0x0000046d      0x347 ./Core/Src/i2c_slave.o
 .debug_abbrev  0x000007b4      0x32e ./Core/Src/lighting_mode.o
 .debug_abbrev  0x00000ae2      0x3bb ./Core/Src/main.o
 .debug_abbrev  0x00000e9d      0x39d ./Core/Src/nv_store.o
 .debug_abbrev  0x0000123a      0x2ce ./Core/Src/rgb.o
 .debug_abbrev  0x00001508      0x290 ./Core/Src/stm32g0xx_hal_msp.o
 .debug_abbrev  0x00001798      0x209 ./Core/Src/stm32g0xx_it.o
 .debug_abbrev  0x000019a1      0x148 ./Core/Src/system_stm32g0xx.o
 .debug_abbrev  0x00001ae9      0x1bc ./Core/Src/temp.o
 .debug_abbrev  0x00001ca5      0x29e ./Core/Src/terminal.o
 .debug_abbrev  0x00001f43       0x24 ./Core/Startup/startup_stm32g031g6ux.o
 .debug_abbrev  0x00001f67      0x341 ./Drivers/STM32G0xx_HAL_Driver/Src/stm32g0xx_hal.o
 .debug_abbrev  0x000022a8      0x354 ./Drivers/STM32G0xx_HAL_Driver/Src/stm32g0xx_hal_adc.o
 .debug_abbrev  0x000025fc      0x2cb ./Drivers/STM32G0xx_HAL_Driver/Src/stm32g0xx_hal_cortex.o
 .debug_abbrev  0x000028c7      0x273 ./Drivers/STM32G0xx_HAL_Driver/Src/stm32g0xx_hal_dma.o
 .debug_abbrev  0x00002b3a      0x374 ./Drivers/STM32G0xx_HAL_Driver/Src/stm32g0xx_hal_flash.o
 .debug_abbrev  0x00002eae      0x32f ./Drivers/STM32G0xx_HAL_Driver/Src/stm32g0xx_hal_flash_ex.o
 .debug_abbrev  0x000031dd      0x259 ./Drivers/STM32G0xx_HAL_Driver/Src/stm32g0xx_hal_gpio.o
 .debug_abbrev  0x00003436      0x3c7 ./Drivers/STM32G0xx_HAL_Driver/Src/stm32g0xx_hal_i2c.o
 .debug_abbrev  0x000037fd      0x1ff ./Drivers/STM32G0xx_HAL_Driver/Src/stm32g0xx_hal_i2c_ex.o
 .debug_abbrev  0x000039fc      0x28a ./Drivers/STM32G0xx_HAL_Driver/Src/stm32g0xx_hal_pwr_ex.o
 .debug_abbrev  0x00003c86      0x362 ./Drivers/STM32G0xx_HAL_Driver/Src/stm32g0xx_hal_rcc.o
 .debug_abbrev  0x00003fe8      0x296 ./Drivers/STM32G0xx_HAL_Driver/Src/stm32g0xx_hal_rcc_ex.o
 .debug_abbrev  0x0000427e      0x3c5 ./Drivers/STM32G0xx_HAL_Driver/Src/stm32g0xx_hal_tim.o
 .debug_abbrev  0x00004643      0x334 ./Drivers/STM32G0xx_HAL_Driver/Src/stm32g0xx_hal_tim_ex.o
 .debug_abbrev  0x00004977      0x442 ./Drivers/STM32G0xx_HAL_Driver/Src/stm32g0xx_hal_uart.o

.debug_loclists
                0x00000000     0xefc1
 .debug_loclists
                0x00000000       0xcb ./Core/Src/app.o
 .debug_loclists
                0x000000cb      0x51c ./Core/Src/display.o
 .debug_loclists
                0x000005e7      0x1f9 ./Core/Src/i2c_slave.o
 .debug_loclists
                0x000007e0      0x582 ./Core/Src/lighting_mode.o
 .debug_loclists
                0x00000d62       0x29 ./Core/Src/main.o
 .debug_loclists
                0x00000d8b      0x357 ./Core/Src/nv_store.o
 .debug_loclists
                0x000010e2       0xc1 ./Core/Src/rgb.o
 .debug_loclists
                0x000011a3      0x153 ./Core/Src/stm32g0xx_hal_msp.o
 .debug_loclists
                0x000012f6       0xa0 ./Core/Src/system_stm32g0xx.o
 .debug_loclists
                0x00001396      0x14f ./Core/Src/temp.o
 .debug_loclists
                0x000014e5       0x9b ./Core/Src/terminal.o
 .debug_loclists
                0x00001580      0x138 ./Drivers/STM32G0xx_HAL_Driver/Src/stm32g0xx_hal.o
 .debug_loclists
                0x000016b8      0xd33 ./Drivers/STM32G0xx_HAL_Driver/Src/stm32g0xx_hal_adc.o
 .debug_loclists
                0x000023eb      0x355 ./Drivers/STM32G0xx_HAL_Driver/Src/stm32g0xx_hal_cortex.o
 .debug_loclists
                0x00002740      0x610 ./Drivers/STM32G0xx_HAL_Driver/Src/stm32g0xx_hal_dma.o
 .debug_loclists
                0x00002d50      0x37a ./Drivers/STM32G0xx_HAL_Driver/Src/stm32g0xx_hal_flash.o
 .debug_loclists
                0x000030ca      0x4e8 ./Drivers/STM32G0xx_HAL_Driver/Src/stm32g0xx_hal_flash_ex.o
 .debug_loclists
                0x000035b2      0x283 ./Drivers/STM32G0xx_HAL_Driver/Src/stm32g0xx_hal_gpio.o
 .debug_loclists
                0x00003835     0x3523 ./Drivers/STM32G0xx_HAL_Driver/Src/stm32g0xx_hal_i2c.o
 .debug_loclists
                0x00006d58      0x12a ./Drivers/STM32G0xx_HAL_Driver/Src/stm32g0xx_hal_i2c_ex.o
 .debug_loclists
                0x00006e82      0x21c ./Drivers/STM32G0xx_HAL_Driver/Src/stm32g0xx_hal_pwr_ex.o
 .debug_loclists
                0x0000709e      0x4b9 ./Drivers/STM32G0xx_HAL_Driver/Src/stm32g0xx_hal_rcc.o
 .debug_loclists
                0x00007557      0x3e6 ./Drivers/STM32G0xx_HAL_Driver/Src/stm32g0xx_hal_rcc_ex.o
 .debug_loclists
                0x0000793d     0x39ca ./Drivers/STM32G0xx_HAL_Driver/Src/stm32g0xx_hal_tim.o
 .debug_loclists
                0x0000b307     0x1379 ./Drivers/STM32G0xx_HAL_Driver/Src/stm32g0xx_hal_tim_ex.o
 .debug_loclists
                0x0000c680     0x2941 ./Drivers/STM32G0xx_HAL_Driver/Src/stm32g0xx_hal_uart.o

.debug_aranges  0x00000000     0x1450
 .debug_aranges
                0x00000000       0x58 ./Core/Src/app.o
 .debug_aranges
                0x00000058       0x50 ./Core/Src/display.o
 .debug_aranges
                0x000000a8       0x58 ./Core/Src/i2c_slave.o
 .debug_aranges
                0x00000100       0x60 ./Core/Src/lighting_mode.o
 .debug_aranges
                0x00000160       0x38 ./Core/Src/main.o
 .debug_aranges
                0x00000198       0x40 ./Core/Src/nv_store.o
 .debug_aranges
                0x000001d8       0x38 ./Core/Src/rgb.o
 .debug_aranges
                0x00000210       0x68 ./Core/Src/stm32g0xx_hal_msp.o
 .debug_aranges
                0x00000278       0x50 ./Core/Src/stm32g0xx_it.o
 .debug_aranges
                0x000002c8       0x28 ./Core/Src/system_stm32g0xx.o
 .debug_aranges
                0x000002f0       0x20 ./Core/Src/temp.o
 .debug_aranges
                0x00000310       0x40 ./Core/Src/terminal.o
 .debug_aranges
                0x00000350       0x28 ./Core/Startup/startup_stm32g031g6ux.o
 .debug_aranges
                0x00000378      0x128 ./Drivers/STM32G0xx_HAL_Driver/Src/stm32g0xx_hal.o
 .debug_aranges
                0x000004a0      0x108 ./Drivers/STM32G0xx_HAL_Driver/Src/stm32g0xx_hal_adc.o
 .debug_aranges
                0x000005a8       0xa0 ./Drivers/STM32G0xx_HAL_Driver/Src/stm32g0xx_hal_cortex.o
 .debug_aranges
                0x00000648       0x88 ./Drivers/STM32G0xx_HAL_Driver/Src/stm32g0xx_hal_dma.o
 .debug_aranges
                0x000006d0       0x80 ./Drivers/STM32G0xx_HAL_Driver/Src/stm32g0xx_hal_flash.o
 .debug_aranges
                0x00000750       0x70 ./Drivers/STM32G0xx_HAL_Driver/Src/stm32g0xx_hal_flash_ex.o
 .debug_aranges
                0x000007c0       0x60 ./Drivers/STM32G0xx_HAL_Driver/Src/stm32g0xx_hal_gpio.o
 .debug_aranges
                0x00000820      0x290 ./Drivers/STM32G0xx_HAL_Driver/Src/stm32g0xx_hal_i2c.o
 .debug_aranges
                0x00000ab0       0x48 ./Drivers/STM32G0xx_HAL_Driver/Src/stm32g0xx_hal_i2c_ex.o
 .debug_aranges
                0x00000af8       0xf0 ./Drivers/STM32G0xx_HAL_Driver/Src/stm32g0xx_hal_pwr_ex.o
 .debug_aranges
                0x00000be8       0x98 ./Drivers/STM32G0xx_HAL_Driver/Src/stm32g0xx_hal_rcc.o
 .debug_aranges
                0x00000c80       0x40 ./Drivers/STM32G0xx_HAL_Driver/Src/stm32g0xx_hal_rcc_ex.o
 .debug_aranges
                0x00000cc0      0x3b0 ./Drivers/STM32G0xx_HAL_Driver/Src/stm32g0xx_hal_tim.o
 .debug_aranges
                0x00001070      0x198 ./Drivers/STM32G0xx_HAL_Driver/Src/stm32g0xx_hal_tim_ex.o
 .debug_aranges
                0x00001208      0x248 ./Drivers/STM32G0xx_HAL_Driver/Src/stm32g0xx_hal_uart.o

.debug_rnglists
                0x00000000     0x1731
 .debug_rnglists
                0x00000000       0x3e ./Core/Src/app.o
 .debug_rnglists
                0x0000003e       0xd8 ./Core/Src/display.o
 .debug_rnglists
                0x00000116       0x4c ./Core/Src/i2c_slave.o
 .debug_rnglists
                0x00000162       0xcd ./Core/Src/lighting_mode.o
 .debug_rnglists
                0x0000022f       0x69 ./Core/Src/main.o
 .debug_rnglists
                0x00000298       0x89 ./Core/Src/nv_store.o
 .debug_rnglists
                0x00000321       0x5b ./Core/Src/rgb.o
 .debug_rnglists
                0x0000037c       0xf5 ./Core/Src/stm32g0xx_hal_msp.o
 .debug_rnglists
                0x00000471       0x37 ./Core/Src/stm32g0xx_it.o
 .debug_rnglists
                0x000004a8       0x1a ./Core/Src/system_stm32g0xx.o
 .debug_rnglists
                0x000004c2       0x14 ./Core/Src/temp.o
 .debug_rnglists
                0x000004d6       0x37 ./Core/Src/terminal.o
 .debug_rnglists
                0x0000050d       0x19 ./Core/Startup/startup_stm32g031g6ux.o
 .debug_rnglists
                0x00000526       0xd9 ./Drivers/STM32G0xx_HAL_Driver/Src/stm32g0xx_hal.o
 .debug_rnglists
                0x000005ff      0x1dc ./Drivers/STM32G0xx_HAL_Driver/Src/stm32g0xx_hal_adc.o
 .debug_rnglists
                0x000007db       0xa3 ./Drivers/STM32G0xx_HAL_Driver/Src/stm32g0xx_hal_cortex.o
 .debug_rnglists
                0x0000087e       0x72 ./Drivers/STM32G0xx_HAL_Driver/Src/stm32g0xx_hal_dma.o
 .debug_rnglists
                0x000008f0       0x5c ./Drivers/STM32G0xx_HAL_Driver/Src/stm32g0xx_hal_flash.o
 .debug_rnglists
                0x0000094c       0xd2 ./Drivers/STM32G0xx_HAL_Driver/Src/stm32g0xx_hal_flash_ex.o
 .debug_rnglists
                0x00000a1e       0x45 ./Drivers/STM32G0xx_HAL_Driver/Src/stm32g0xx_hal_gpio.o
 .debug_rnglists
                0x00000a63      0x256 ./Drivers/STM32G0xx_HAL_Driver/Src/stm32g0xx_hal_i2c.o
 .debug_rnglists
                0x00000cb9       0x4f ./Drivers/STM32G0xx_HAL_Driver/Src/stm32g0xx_hal_i2c_ex.o
 .debug_rnglists
                0x00000d08       0xb0 ./Drivers/STM32G0xx_HAL_Driver/Src/stm32g0xx_hal_pwr_ex.o
 .debug_rnglists
                0x00000db8       0x96 ./Drivers/STM32G0xx_HAL_Driver/Src/stm32g0xx_hal_rcc.o
 .debug_rnglists
                0x00000e4e       0x6f ./Drivers/STM32G0xx_HAL_Driver/Src/stm32g0xx_hal_rcc_ex.o
 .debug_rnglists
                0x00000ebd      0x416 ./Drivers/STM32G0xx_HAL_Driver/Src/stm32g0xx_hal_tim.o
 .debug_rnglists
                0x000012d3      0x13a ./Drivers/STM32G0xx_HAL_Driver/Src/stm32g0xx_hal_tim_ex.o
 .debug_rnglists
                0x0000140d      0x324 ./Drivers/STM32G0xx_HAL_Driver/Src/stm32g0xx_hal_uart.o

.debug_macro    0x00000000    0x1ac3f
 .debug_macro   0x00000000      0x29c ./Core/Src/app.o
 .debug_macro   0x0000029c      0xab4 ./Core/Src/app.o
 .debug_macro   0x00000d50       0x22 ./Core/Src/app.o
 .debug_macro   0x00000d72       0x8e ./Core/Src/app.o
 .debug_macro   0x00000e00       0x51 ./Core/Src/app.o
 .debug_macro   0x00000e51      0x103 ./Core/Src/app.o
 .debug_macro   0x00000f54       0x6a ./Core/Src/app.o
 .debug_macro   0x00000fbe      0x1df ./Core/Src/app.o
 .debug_macro   0x0000119d      0x129 ./Core/Src/app.o
 .debug_macro   0x000012c6       0x2e ./Core/Src/app.o
 .debug_macro   0x000012f4       0x28 ./Core/Src/app.o
 .debug_macro   0x0000131c       0x1c ./Core/Src/app.o
 .debug_macro   0x00001338       0x22 ./Core/Src/app.o
 .debug_macro   0x0000135a       0xd1 ./Core/Src/app.o
 .debug_macro   0x0000142b      0x4da ./Core/Src/app.o
 .debug_macro   0x00001905      0x11f ./Core/Src/app.o
 .debug_macro   0x00001a24     0xac2c ./Core/Src/app.o
 .debug_macro   0x0000c650       0x66 ./Core/Src/app.o
 .debug_macro   0x0000c6b6     0x350e ./Core/Src/app.o
 .debug_macro   0x0000fbc4      0x190 ./Core/Src/app.o
 .debug_macro   0x0000fd54       0x5c ./Core/Src/app.o
 .debug_macro   0x0000fdb0      0x518 ./Core/Src/app.o
 .debug_macro   0x000102c8      0xf70 ./Core/Src/app.o
 .debug_macro   0x00011238      0x1d8 ./Core/Src/app.o
 .debug_macro   0x00011410      0x1cf ./Core/Src/app.o
 .debug_macro   0x000115df      0x122 ./Core/Src/app.o
 .debug_macro   0x00011701      0x390 ./Core/Src/app.o
 .debug_macro   0x00011a91      0x202 ./Core/Src/app.o
 .debug_macro   0x00011c93      0x2ff ./Core/Src/app.o
 .debug_macro   0x00011f92      0x1b2 ./Core/Src/app.o
 .debug_macro   0x00012144       0x43 ./Core/Src/app.o
 .debug_macro   0x00012187      0x1f1 ./Core/Src/app.o
 .debug_macro   0x00012378      0x8a8 ./Core/Src/app.o
 .debug_macro   0x00012c20      0x5b4 ./Core/Src/app.o
 .debug_macro   0x000131d4       0x2e ./Core/Src/app.o
 .debug_macro   0x00013202      0x1d6 ./Core/Src/app.o
 .debug_macro   0x000133d8      0x38a ./Core/Src/app.o
 .debug_macro   0x00013762       0x28 ./Core/Src/app.o
 .debug_macro   0x0001378a       0xe4 ./Core/Src/app.o
 .debug_macro   0x0001386e      0x22c ./Core/Src/app.o
 .debug_macro   0x00013a9a       0x67 ./Core/Src/app.o
 .debug_macro   0x00013b01       0xa5 ./Core/Src/app.o
 .debug_macro   0x00013ba6      0x10c ./Core/Src/app.o
 .debug_macro   0x00013cb2      0x240 ./Core/Src/app.o
 .debug_macro   0x00013ef2      0xac2 ./Core/Src/app.o
 .debug_macro   0x000149b4      0x135 ./Core/Src/app.o
 .debug_macro   0x00014ae9      0x693 ./Core/Src/app.o
 .debug_macro   0x0001517c       0xa6 ./Core/Src/app.o
 .debug_macro   0x00015222      0x49d ./Core/Src/app.o
 .debug_macro   0x000156bf       0xa0 ./Core/Src/app.o
 .debug_macro   0x0001575f       0x58 ./Core/Src/app.o
 .debug_macro   0x000157b7      0x2c9 ./Core/Src/display.o
 .debug_macro   0x00015a80      0xab4 ./Core/Src/display.o
 .debug_macro   0x00016534       0x22 ./Core/Src/display.o
 .debug_macro   0x00016556       0x8e ./Core/Src/display.o
 .debug_macro   0x000165e4      0x190 ./Core/Src/display.o
 .debug_macro   0x00016774      0x28a ./Core/Src/i2c_slave.o
 .debug_macro   0x000169fe      0x251 ./Core/Src/lighting_mode.o
 .debug_macro   0x00016c4f      0x247 ./Core/Src/main.o
 .debug_macro   0x00016e96      0x323 ./Core/Src/nv_store.o
 .debug_macro   0x000171b9       0x61 ./Core/Src/nv_store.o
 .debug_macro   0x0001721a       0x24 ./Core/Src/nv_store.o
 .debug_macro   0x0001723e       0x43 ./Core/Src/nv_store.o
 .debug_macro   0x00017281       0x34 ./Core/Src/nv_store.o
 .debug_macro   0x000172b5      0x370 ./Core/Src/nv_store.o
 .debug_macro   0x00017625       0x16 ./Core/Src/nv_store.o
 .debug_macro   0x0001763b       0x4a ./Core/Src/nv_store.o
 .debug_macro   0x00017685       0x34 ./Core/Src/nv_store.o
 .debug_macro   0x000176b9       0x10 ./Core/Src/nv_store.o
 .debug_macro   0x000176c9       0x58 ./Core/Src/nv_store.o
 .debug_macro   0x00017721       0x8e ./Core/Src/nv_store.o
 .debug_macro   0x000177af       0x1c ./Core/Src/nv_store.o
 .debug_macro   0x000177cb      0x185 ./Core/Src/nv_store.o
 .debug_macro   0x00017950       0x10 ./Core/Src/nv_store.o
 .debug_macro   0x00017960       0x3c ./Core/Src/nv_store.o
 .debug_macro   0x0001799c       0x20 ./Core/Src/nv_store.o
 .debug_macro   0x000179bc      0x24f ./Core/Src/rgb.o
 .debug_macro   0x00017c0b      0x22f ./Core/Src/stm32g0xx_hal_msp.o
 .debug_macro   0x00017e3a      0x239 ./Core/Src/stm32g0xx_it.o
 .debug_macro   0x00018073      0x220 ./Core/Src/system_stm32g0xx.o
 .debug_macro   0x00018293      0x308 ./Core/Src/temp.o
 .debug_macro   0x0001859b      0x19b ./Core/Src/temp.o
 .debug_macro   0x00018736      0x335 ./Core/Src/terminal.o
 .debug_macro   0x00018a6b       0x1c ./Core/Src/terminal.o
 .debug_macro   0x00018a87      0x244 ./Drivers/STM32G0xx_HAL_Driver/Src/stm32g0xx_hal.o
 .debug_macro   0x00018ccb      0x244 ./Drivers/STM32G0xx_HAL_Driver/Src/stm32g0xx_hal_adc.o
 .debug_macro   0x00018f0f      0x220 ./Drivers/STM32G0xx_HAL_Driver/Src/stm32g0xx_hal_cortex.o
 .debug_macro   0x0001912f      0x220 ./Drivers/STM32G0xx_HAL_Driver/Src/stm32g0xx_hal_dma.o
 .debug_macro   0x0001934f      0x220 ./Drivers/STM32G0xx_HAL_Driver/Src/stm32g0xx_hal_flash.o
 .debug_macro   0x0001956f      0x220 ./Drivers/STM32G0xx_HAL_Driver/Src/stm32g0xx_hal_flash_ex.o
 .debug_macro   0x0001978f      0x227 ./Drivers/STM32G0xx_HAL_Driver/Src/stm32g0xx_hal_gpio.o
 .debug_macro   0x000199b6      0x2ec ./Drivers/STM32G0xx_HAL_Driver/Src/stm32g0xx_hal_i2c.o
 .debug_macro   0x00019ca2      0x220 ./Drivers/STM32G0xx_HAL_Driver/Src/stm32g0xx_hal_i2c_ex.o
 .debug_macro   0x00019ec2      0x24a ./Drivers/STM32G0xx_HAL_Driver/Src/stm32g0xx_hal_pwr_ex.o
 .debug_macro   0x0001a10c      0x262 ./Drivers/STM32G0xx_HAL_Driver/Src/stm32g0xx_hal_rcc.o
 .debug_macro   0x0001a36e      0x238 ./Drivers/STM32G0xx_HAL_Driver/Src/stm32g0xx_hal_rcc_ex.o
 .debug_macro   0x0001a5a6      0x228 ./Drivers/STM32G0xx_HAL_Driver/Src/stm32g0xx_hal_tim.o
 .debug_macro   0x0001a7ce      0x226 ./Drivers/STM32G0xx_HAL_Driver/Src/stm32g0xx_hal_tim_ex.o
 .debug_macro   0x0001a9f4      0x24b ./Drivers/STM32G0xx_HAL_Driver/Src/stm32g0xx_hal_uart.o

.debug_line     0x00000000    0x251b9
 .debug_line    0x00000000      0x973 ./Core/Src/app.o
 .debug_line    0x00000973      0xc4d ./Core/Src/display.o
 .debug_line    0x000015c0      0xa35 ./Core/Src/i2c_slave.o
 .debug_line    0x00001ff5      0xec7 ./Core/Src/lighting_mode.o
 .debug_line    0x00002ebc     0x100d ./Core/Src/main.o
 .debug_line    0x00003ec9      0xdef ./Core/Src/nv_store.o
 .debug_line    0x00004cb8      0x9a8 ./Core/Src/rgb.o
 .debug_line    0x00005660      0xb7e ./Core/Src/stm32g0xx_hal_msp.o
 .debug_line    0x000061de      0x8c7 ./Core/Src/stm32g0xx_it.o
 .debug_line    0x00006aa5      0x8c8 ./Core/Src/system_stm32g0xx.o
 .debug_line    0x0000736d      0x98e ./Core/Src/temp.o
 .debug_line    0x00007cfb      0xa33 ./Core/Src/terminal.o
 .debug_line    0x0000872e       0x7b ./Core/Startup/startup_stm32g031g6ux.o
 .debug_line    0x000087a9      0xd6e ./Drivers/STM32G0xx_HAL_Driver/Src/stm32g0xx_hal.o
 .debug_line    0x00009517     0x2093 ./Drivers/STM32G0xx_HAL_Driver/Src/stm32g0xx_hal_adc.o
 .debug_line    0x0000b5aa      0xd16 ./Drivers/STM32G0xx_HAL_Driver/Src/stm32g0xx_hal_cortex.o
 .debug_line    0x0000c2c0     0x11bf ./Drivers/STM32G0xx_HAL_Driver/Src/stm32g0xx_hal_dma.o
 .debug_line    0x0000d47f      0xd9c ./Drivers/STM32G0xx_HAL_Driver/Src/stm32g0xx_hal_flash.o
 .debug_line    0x0000e21b      0xfde ./Drivers/STM32G0xx_HAL_Driver/Src/stm32g0xx_hal_flash_ex.o
 .debug_line    0x0000f1f9      0xd4c ./Drivers/STM32G0xx_HAL_Driver/Src/stm32g0xx_hal_gpio.o
 .debug_line    0x0000ff45     0x5580 ./Drivers/STM32G0xx_HAL_Driver/Src/stm32g0xx_hal_i2c.o
 .debug_line    0x000154c5      0xa43 ./Drivers/STM32G0xx_HAL_Driver/Src/stm32g0xx_hal_i2c_ex.o
 .debug_line    0x00015f08      0xd21 ./Drivers/STM32G0xx_HAL_Driver/Src/stm32g0xx_hal_pwr_ex.o
 .debug_line    0x00016c29     0x153a ./Drivers/STM32G0xx_HAL_Driver/Src/stm32g0xx_hal_rcc.o
 .debug_line    0x00018163      0xf10 ./Drivers/STM32G0xx_HAL_Driver/Src/stm32g0xx_hal_rcc_ex.o
 .debug_line    0x00019073     0x4e8c ./Drivers/STM32G0xx_HAL_Driver/Src/stm32g0xx_hal_tim.o
 .debug_line    0x0001deff     0x1e6b ./Drivers/STM32G0xx_HAL_Driver/Src/stm32g0xx_hal_tim_ex.o
 .debug_line    0x0001fd6a     0x544f ./Drivers/STM32G0xx_HAL_Driver/Src/stm32g0xx_hal_uart.o

.debug_str      0x00000000    0xa1a97
 .debug_str     0x00000000    0xa1a97 ./Core/Src/app.o
                              0x97074 (size before relaxing)
 .debug_str     0x000a1a97    0x96fe7 ./Core/Src/display.o
 .debug_str     0x000a1a97    0x97635 ./Core/Src/i2c_slave.o
 .debug_str     0x000a1a97    0x96f25 ./Core/Src/lighting_mode.o
 .debug_str     0x000a1a97    0x98106 ./Core/Src/main.o
 .debug_str     0x000a1a97    0x9a1ef ./Core/Src/nv_store.o
 .debug_str     0x000a1a97    0x9740e ./Core/Src/rgb.o
 .debug_str     0x000a1a97    0x97f17 ./Core/Src/stm32g0xx_hal_msp.o
 .debug_str     0x000a1a97    0x97607 ./Core/Src/stm32g0xx_it.o
 .debug_str     0x000a1a97    0x96b66 ./Core/Src/system_stm32g0xx.o
 .debug_str     0x000a1a97    0x9ac41 ./Core/Src/temp.o
 .debug_str     0x000a1a97    0x9ab8e ./Core/Src/terminal.o
 .debug_str     0x000a1a97       0x77 ./Core/Startup/startup_stm32g031g6ux.o
 .debug_str     0x000a1a97    0x9733c ./Drivers/STM32G0xx_HAL_Driver/Src/stm32g0xx_hal.o
 .debug_str     0x000a1a97    0x97921 ./Drivers/STM32G0xx_HAL_Driver/Src/stm32g0xx_hal_adc.o
 .debug_str     0x000a1a97    0x96fe2 ./Drivers/STM32G0xx_HAL_Driver/Src/stm32g0xx_hal_cortex.o
 .debug_str     0x000a1a97    0x97000 ./Drivers/STM32G0xx_HAL_Driver/Src/stm32g0xx_hal_dma.o
 .debug_str     0x000a1a97    0x96d89 ./Drivers/STM32G0xx_HAL_Driver/Src/stm32g0xx_hal_flash.o
 .debug_str     0x000a1a97    0x96f2c ./Drivers/STM32G0xx_HAL_Driver/Src/stm32g0xx_hal_flash_ex.o
 .debug_str     0x000a1a97    0x96c8d ./Drivers/STM32G0xx_HAL_Driver/Src/stm32g0xx_hal_gpio.o
 .debug_str     0x000a1a97    0x97f1b ./Drivers/STM32G0xx_HAL_Driver/Src/stm32g0xx_hal_i2c.o
 .debug_str     0x000a1a97    0x97197 ./Drivers/STM32G0xx_HAL_Driver/Src/stm32g0xx_hal_i2c_ex.o
 .debug_str     0x000a1a97    0x96fdf ./Drivers/STM32G0xx_HAL_Driver/Src/stm32g0xx_hal_pwr_ex.o
 .debug_str     0x000a1a97    0x972bc ./Drivers/STM32G0xx_HAL_Driver/Src/stm32g0xx_hal_rcc.o
 .debug_str     0x000a1a97    0x96ef5 ./Drivers/STM32G0xx_HAL_Driver/Src/stm32g0xx_hal_rcc_ex.o
 .debug_str     0x000a1a97    0x9809a ./Drivers/STM32G0xx_HAL_Driver/Src/stm32g0xx_hal_tim.o
 .debug_str     0x000a1a97    0x97a28 ./Drivers/STM32G0xx_HAL_Driver/Src/stm32g0xx_hal_tim_ex.o
 .debug_str     0x000a1a97    0x97b42 ./Drivers/STM32G0xx_HAL_Driver/Src/stm32g0xx_hal_uart.o

.comment        0x00000000       0x86
 .comment       0x00000000       0x86 ./Core/Src/app.o
                                 0x44 (size before relaxing)
 .comment       0x00000086       0x44 ./Core/Src/display.o
 .comment       0x00000086       0x44 ./Core/Src/i2c_slave.o
 .comment       0x00000086       0x44 ./Core/Src/lighting_mode.o
 .comment       0x00000086       0x44 ./Core/Src/main.o
 .comment       0x00000086       0x44 ./Core/Src/nv_store.o
 .comment       0x00000086       0x44 ./Core/Src/rgb.o
 .comment       0x00000086       0x44 ./Core/Src/stm32g0xx_hal_msp.o
 .comment       0x00000086       0x44 ./Core/Src/stm32g0xx_it.o
 .comment       0x00000086       0x44 ./Core/Src/system_stm32g0xx.o
 .comment       0x00000086       0x44 ./Core/Src/temp.o
 .comment       0x00000086       0x44 ./Core/Src/terminal.o
 .comment       0x00000086       0x44 ./Drivers/STM32G0xx_HAL_Driver/Src/stm32g0xx_hal.o
 .comment       0x00000086       0x44 ./Drivers/STM32G0xx_HAL_Driver/Src/stm32g0xx_hal_adc.o
 .comment       0x00000086       0x44 ./Drivers/STM32G0xx_HAL_Driver/Src/stm32g0xx_hal_cortex.o
 .comment       0x00000086       0x44 ./Drivers/STM32G0xx_HAL_Driver/Src/stm32g0xx_hal_dma.o
 .comment       0x00000086       0x44 ./Drivers/STM32G0xx_HAL_Driver/Src/stm32g0xx_hal_flash.o
 .comment       0x00000086       0x44 ./Drivers/STM32G0xx_HAL_Driver/Src/stm32g0xx_hal_flash_ex.o