../Core/Src/i2c_slave.c:58:13:i2c_note_activity	8	static
../Core/Src/i2c_slave.c:96:13:i2c_try_recover_if_stuck	16	static
../Core/Src/i2c_slave.c:134:13:arm_rx	8	static
../Core/Src/i2c_slave.c:63:13:i2c_force_ready.part.0	8	static
../Core/Src/i2c_slave.c:149:6:i2c_slave_init	8	static
../Core/Src/i2c_slave.c:169:6:i2c_slave_send_reply	16	static
../Core/Src/i2c_slave.c:241:13:send_reply_frame	24	static
../Core/Src/i2c_slave.c:198:6:i2c_slave_debug_task	72	static
../Core/Src/i2c_slave.c:224:6:i2c_slave_watchdog_task	8	static
../Core/Src/i2c_slave.c:234:10:i2c_slave_take_error_flags	0	static
../Core/Src/i2c_slave.c:255:6:HAL_I2C_SlaveRxCpltCallback	8	static
../Core/Src/i2c_slave.c:322:6:HAL_I2C_SlaveTxCpltCallback	8	static
../Core/Src/i2c_slave.c:336:6:HAL_I2C_ErrorCallback	16	static
