../Core/Src/lighting_mode.c:121:13:apply_base_color	8	static
../Core/Src/lighting_mode.c:126:13:stop_show_and_restore	8	static
../Core/Src/lighting_mode.c:136:13:restore_saved_mode_after_flash	16	static
../Core/Src/lighting_mode.c:101:20:locker_theme_color	32	static
../Core/Src/lighting_mode.c:152:6:lighting_mode_init	8	static
../Core/Src/lighting_mode.c:161:6:lighting_mode_set_base_color	8	static
../Core/Src/lighting_mode.c:172:6:lighting_mode_set	16	static
../Core/Src/lighting_mode.c:221:6:run_light_show	8	static
../Core/Src/lighting_mode.c:226:6:lighting_mode_task	40	static
