../Core/Src/lighting_mode.c:119:13:apply_base_color	8	static
../Core/Src/lighting_mode.c:124:13:stop_show_and_restore	8	static
../Core/Src/lighting_mode.c:84:20:locker_palette_color	32	static
../Core/Src/lighting_mode.c:69:20:shift_color	24	static
../Core/Src/lighting_mode.c:99:20:locker_theme_color	32	static
../Core/Src/lighting_mode.c:150:6:lighting_mode_init	8	static
../Core/Src/lighting_mode.c:159:6:lighting_mode_set_base_color	8	static
../Core/Src/lighting_mode.c:170:6:lighting_mode_set	16	static
../Core/Src/lighting_mode.c:203:6:run_light_show	8	static
../Core/Src/lighting_mode.c:208:6:lighting_mode_task	40	static
